<?xml version="1.0" encoding="ISO-8859-1" ?>
<link_info>
   <banner>MSP430 Linker PC v18.1.2.LTS</banner>
   <copyright>Copyright (c) 2003-2017 Texas Instruments Incorporated</copyright>
   <link_time>0x5c08a975</link_time>
   <link_errors>0x0</link_errors>
   <output_file>project.out</output_file>
   <entry_point>
      <name>_c_int00_noargs</name>
      <address>0x24b2</address>
   </entry_point>
   <input_file_list>
      <input_file id="fl-2">
         <path>.\</path>
         <kind>object</kind>
         <file>DS18B20.obj</file>
         <name>DS18B20.obj</name>
      </input_file>
      <input_file id="fl-3">
         <path>.\</path>
         <kind>object</kind>
         <file>UART.obj</file>
         <name>UART.obj</name>
      </input_file>
      <input_file id="fl-4">
         <path>.\</path>
         <kind>object</kind>
         <file>clock.obj</file>
         <name>clock.obj</name>
      </input_file>
      <input_file id="fl-5">
         <path>.\</path>
         <kind>object</kind>
         <file>electrical.obj</file>
         <name>electrical.obj</name>
      </input_file>
      <input_file id="fl-6">
         <path>.\</path>
         <kind>object</kind>
         <file>keypd.obj</file>
         <name>keypd.obj</name>
      </input_file>
      <input_file id="fl-7">
         <path>.\</path>
         <kind>object</kind>
         <file>lcd12864.obj</file>
         <name>lcd12864.obj</name>
      </input_file>
      <input_file id="fl-8">
         <path>.\</path>
         <kind>object</kind>
         <file>main.obj</file>
         <name>main.obj</name>
      </input_file>
      <input_file id="fl-9">
         <path>.\</path>
         <kind>object</kind>
         <file>miaobiao.obj</file>
         <name>miaobiao.obj</name>
      </input_file>
      <input_file id="fl-e">
         <kind>object</kind>
         <file>&lt;internal&gt;</file>
         <name>&lt;internal&gt;</name>
      </input_file>
      <input_file id="fl-24">
         <path>C:\ti\ccsv8\tools\compiler\ti-cgt-msp430_18.1.2.LTS\lib\</path>
         <kind>archive</kind>
         <file>rts430_eabi.lib</file>
         <name>div16s.asm.obj</name>
      </input_file>
      <input_file id="fl-25">
         <path>C:\ti\ccsv8\tools\compiler\ti-cgt-msp430_18.1.2.LTS\lib\</path>
         <kind>archive</kind>
         <file>rts430_eabi.lib</file>
         <name>div16u.asm.obj</name>
      </input_file>
      <input_file id="fl-26">
         <path>C:\ti\ccsv8\tools\compiler\ti-cgt-msp430_18.1.2.LTS\lib\</path>
         <kind>archive</kind>
         <file>rts430_eabi.lib</file>
         <name>fs_mpy.asm.obj</name>
      </input_file>
      <input_file id="fl-27">
         <path>C:\ti\ccsv8\tools\compiler\ti-cgt-msp430_18.1.2.LTS\lib\</path>
         <kind>archive</kind>
         <file>rts430_eabi.lib</file>
         <name>fs_tou.asm.obj</name>
      </input_file>
      <input_file id="fl-28">
         <path>C:\ti\ccsv8\tools\compiler\ti-cgt-msp430_18.1.2.LTS\lib\</path>
         <kind>archive</kind>
         <file>rts430_eabi.lib</file>
         <name>fs_utof.asm.obj</name>
      </input_file>
      <input_file id="fl-29">
         <path>C:\ti\ccsv8\tools\compiler\ti-cgt-msp430_18.1.2.LTS\lib\</path>
         <kind>archive</kind>
         <file>rts430_eabi.lib</file>
         <name>int00.asm.obj</name>
      </input_file>
      <input_file id="fl-2a">
         <path>C:\ti\ccsv8\tools\compiler\ti-cgt-msp430_18.1.2.LTS\lib\</path>
         <kind>archive</kind>
         <file>rts430_eabi.lib</file>
         <name>int01.asm.obj</name>
      </input_file>
      <input_file id="fl-2b">
         <path>C:\ti\ccsv8\tools\compiler\ti-cgt-msp430_18.1.2.LTS\lib\</path>
         <kind>archive</kind>
         <file>rts430_eabi.lib</file>
         <name>int02.asm.obj</name>
      </input_file>
      <input_file id="fl-2c">
         <path>C:\ti\ccsv8\tools\compiler\ti-cgt-msp430_18.1.2.LTS\lib\</path>
         <kind>archive</kind>
         <file>rts430_eabi.lib</file>
         <name>int03.asm.obj</name>
      </input_file>
      <input_file id="fl-2d">
         <path>C:\ti\ccsv8\tools\compiler\ti-cgt-msp430_18.1.2.LTS\lib\</path>
         <kind>archive</kind>
         <file>rts430_eabi.lib</file>
         <name>int05.asm.obj</name>
      </input_file>
      <input_file id="fl-2e">
         <path>C:\ti\ccsv8\tools\compiler\ti-cgt-msp430_18.1.2.LTS\lib\</path>
         <kind>archive</kind>
         <file>rts430_eabi.lib</file>
         <name>int07.asm.obj</name>
      </input_file>
      <input_file id="fl-2f">
         <path>C:\ti\ccsv8\tools\compiler\ti-cgt-msp430_18.1.2.LTS\lib\</path>
         <kind>archive</kind>
         <file>rts430_eabi.lib</file>
         <name>int10.asm.obj</name>
      </input_file>
      <input_file id="fl-30">
         <path>C:\ti\ccsv8\tools\compiler\ti-cgt-msp430_18.1.2.LTS\lib\</path>
         <kind>archive</kind>
         <file>rts430_eabi.lib</file>
         <name>int11.asm.obj</name>
      </input_file>
      <input_file id="fl-31">
         <path>C:\ti\ccsv8\tools\compiler\ti-cgt-msp430_18.1.2.LTS\lib\</path>
         <kind>archive</kind>
         <file>rts430_eabi.lib</file>
         <name>int12.asm.obj</name>
      </input_file>
      <input_file id="fl-32">
         <path>C:\ti\ccsv8\tools\compiler\ti-cgt-msp430_18.1.2.LTS\lib\</path>
         <kind>archive</kind>
         <file>rts430_eabi.lib</file>
         <name>int14.asm.obj</name>
      </input_file>
      <input_file id="fl-33">
         <path>C:\ti\ccsv8\tools\compiler\ti-cgt-msp430_18.1.2.LTS\lib\</path>
         <kind>archive</kind>
         <file>rts430_eabi.lib</file>
         <name>isr_trap.asm.obj</name>
      </input_file>
      <input_file id="fl-34">
         <path>C:\ti\ccsv8\tools\compiler\ti-cgt-msp430_18.1.2.LTS\lib\</path>
         <kind>archive</kind>
         <file>rts430_eabi.lib</file>
         <name>mult16_hw.asm.obj</name>
      </input_file>
      <input_file id="fl-35">
         <path>C:\ti\ccsv8\tools\compiler\ti-cgt-msp430_18.1.2.LTS\lib\</path>
         <kind>archive</kind>
         <file>rts430_eabi.lib</file>
         <name>mult1632_hw.asm.obj</name>
      </input_file>
      <input_file id="fl-36">
         <path>C:\ti\ccsv8\tools\compiler\ti-cgt-msp430_18.1.2.LTS\lib\</path>
         <kind>archive</kind>
         <file>rts430_eabi.lib</file>
         <name>mult32_hw.asm.obj</name>
      </input_file>
      <input_file id="fl-37">
         <path>C:\ti\ccsv8\tools\compiler\ti-cgt-msp430_18.1.2.LTS\lib\</path>
         <kind>archive</kind>
         <file>rts430_eabi.lib</file>
         <name>mult3264_hw.asm.obj</name>
      </input_file>
      <input_file id="fl-38">
         <path>C:\ti\ccsv8\tools\compiler\ti-cgt-msp430_18.1.2.LTS\lib\</path>
         <kind>archive</kind>
         <file>rts430_eabi.lib</file>
         <name>mult64_hw.asm.obj</name>
      </input_file>
      <input_file id="fl-39">
         <path>C:\ti\ccsv8\tools\compiler\ti-cgt-msp430_18.1.2.LTS\lib\</path>
         <kind>archive</kind>
         <file>rts430_eabi.lib</file>
         <name>boot.c.obj</name>
      </input_file>
      <input_file id="fl-3a">
         <path>C:\ti\ccsv8\tools\compiler\ti-cgt-msp430_18.1.2.LTS\lib\</path>
         <kind>archive</kind>
         <file>rts430_eabi.lib</file>
         <name>autoinit.c.obj</name>
      </input_file>
      <input_file id="fl-3b">
         <path>C:\ti\ccsv8\tools\compiler\ti-cgt-msp430_18.1.2.LTS\lib\</path>
         <kind>archive</kind>
         <file>rts430_eabi.lib</file>
         <name>copy_zero_init.c.obj</name>
      </input_file>
      <input_file id="fl-3c">
         <path>C:\ti\ccsv8\tools\compiler\ti-cgt-msp430_18.1.2.LTS\lib\</path>
         <kind>archive</kind>
         <file>rts430_eabi.lib</file>
         <name>cpy_tbl.c.obj</name>
      </input_file>
      <input_file id="fl-3d">
         <path>C:\ti\ccsv8\tools\compiler\ti-cgt-msp430_18.1.2.LTS\lib\</path>
         <kind>archive</kind>
         <file>rts430_eabi.lib</file>
         <name>mpu_init.c.obj</name>
      </input_file>
      <input_file id="fl-3e">
         <path>C:\ti\ccsv8\tools\compiler\ti-cgt-msp430_18.1.2.LTS\lib\</path>
         <kind>archive</kind>
         <file>rts430_eabi.lib</file>
         <name>pre_init.c.obj</name>
      </input_file>
      <input_file id="fl-3f">
         <path>C:\ti\ccsv8\tools\compiler\ti-cgt-msp430_18.1.2.LTS\lib\</path>
         <kind>archive</kind>
         <file>rts430_eabi.lib</file>
         <name>startup.c.obj</name>
      </input_file>
      <input_file id="fl-40">
         <path>C:\ti\ccsv8\tools\compiler\ti-cgt-msp430_18.1.2.LTS\lib\</path>
         <kind>archive</kind>
         <file>rts430_eabi.lib</file>
         <name>copy_decompress_none.c.obj</name>
      </input_file>
      <input_file id="fl-41">
         <path>C:\ti\ccsv8\tools\compiler\ti-cgt-msp430_18.1.2.LTS\lib\</path>
         <kind>archive</kind>
         <file>rts430_eabi.lib</file>
         <name>copy_decompress_lzss.c.obj</name>
      </input_file>
      <input_file id="fl-42">
         <path>C:\ti\ccsv8\tools\compiler\ti-cgt-msp430_18.1.2.LTS\lib\</path>
         <kind>archive</kind>
         <file>rts430_eabi.lib</file>
         <name>exit.c.obj</name>
      </input_file>
      <input_file id="fl-43">
         <path>C:\ti\ccsv8\tools\compiler\ti-cgt-msp430_18.1.2.LTS\lib\</path>
         <kind>archive</kind>
         <file>rts430_eabi.lib</file>
         <name>_lock.c.obj</name>
      </input_file>
      <input_file id="fl-44">
         <path>C:\ti\ccsv8\tools\compiler\ti-cgt-msp430_18.1.2.LTS\lib\</path>
         <kind>archive</kind>
         <file>rts430_eabi.lib</file>
         <name>args_main.c.obj</name>
      </input_file>
      <input_file id="fl-45">
         <path>C:\ti\ccsv8\tools\compiler\ti-cgt-msp430_18.1.2.LTS\lib\</path>
         <kind>archive</kind>
         <file>rts430_eabi.lib</file>
         <name>memcpy.c.obj</name>
      </input_file>
      <input_file id="fl-46">
         <path>C:\ti\ccsv8\tools\compiler\ti-cgt-msp430_18.1.2.LTS\lib\</path>
         <kind>archive</kind>
         <file>rts430_eabi.lib</file>
         <name>epilog.asm.obj</name>
      </input_file>
      <input_file id="fl-47">
         <path>C:\ti\ccsv8\tools\compiler\ti-cgt-msp430_18.1.2.LTS\lib\</path>
         <kind>archive</kind>
         <file>rts430_eabi.lib</file>
         <name>lsl16.asm.obj</name>
      </input_file>
      <input_file id="fl-48">
         <path>C:\ti\ccsv8\tools\compiler\ti-cgt-msp430_18.1.2.LTS\lib\</path>
         <kind>archive</kind>
         <file>rts430_eabi.lib</file>
         <name>lsr16.asm.obj</name>
      </input_file>
      <input_file id="fl-49">
         <path>C:\ti\ccsv8\tools\compiler\ti-cgt-msp430_18.1.2.LTS\lib\</path>
         <kind>archive</kind>
         <file>rts430_eabi.lib</file>
         <name>mult16.asm.obj</name>
      </input_file>
      <input_file id="fl-4a">
         <path>C:\ti\ccsv8\tools\compiler\ti-cgt-msp430_18.1.2.LTS\lib\</path>
         <kind>archive</kind>
         <file>rts430_eabi.lib</file>
         <name>exit_gvars.c.obj</name>
      </input_file>
   </input_file_list>
   <object_component_list>
      <object_component id="oc-312">
         <name>.common:A1</name>
         <uninitialized>true</uninitialized>
         <run_address>0x20a</run_address>
         <size>0x1</size>
      </object_component>
      <object_component id="oc-313">
         <name>.common:A2</name>
         <uninitialized>true</uninitialized>
         <run_address>0x20b</run_address>
         <size>0x1</size>
      </object_component>
      <object_component id="oc-314">
         <name>.common:A3</name>
         <uninitialized>true</uninitialized>
         <run_address>0x20c</run_address>
         <size>0x1</size>
      </object_component>
      <object_component id="oc-28e">
         <name>.common:Temp_Value</name>
         <uninitialized>true</uninitialized>
         <run_address>0x200</run_address>
         <size>0x6</size>
      </object_component>
      <object_component id="oc-285">
         <name>.common:temp_value</name>
         <uninitialized>true</uninitialized>
         <run_address>0x208</run_address>
         <size>0x2</size>
      </object_component>
      <object_component id="oc-220">
         <name>.common:keyvalue</name>
         <uninitialized>true</uninitialized>
         <run_address>0x216</run_address>
         <size>0x1</size>
      </object_component>
      <object_component id="oc-271">
         <name>.common:speed</name>
         <uninitialized>true</uninitialized>
         <run_address>0x21c</run_address>
         <size>0x1</size>
      </object_component>
      <object_component id="oc-1d2">
         <name>.common:bb</name>
         <uninitialized>true</uninitialized>
         <run_address>0x20e</run_address>
         <size>0x1</size>
      </object_component>
      <object_component id="oc-272">
         <name>.common:j</name>
         <uninitialized>true</uninitialized>
         <run_address>0x206</run_address>
         <size>0x2</size>
      </object_component>
      <object_component id="oc-209">
         <name>.common:key_Pressed</name>
         <uninitialized>true</uninitialized>
         <run_address>0x214</run_address>
         <size>0x1</size>
      </object_component>
      <object_component id="oc-1a4">
         <name>.common:key_val</name>
         <uninitialized>true</uninitialized>
         <run_address>0x215</run_address>
         <size>0x1</size>
      </object_component>
      <object_component id="oc-19f">
         <name>.common:key_Flag</name>
         <uninitialized>true</uninitialized>
         <run_address>0x213</run_address>
         <size>0x1</size>
      </object_component>
      <object_component id="oc-1c2">
         <name>.common:sec</name>
         <uninitialized>true</uninitialized>
         <run_address>0x21a</run_address>
         <size>0x1</size>
      </object_component>
      <object_component id="oc-1c3">
         <name>.common:min</name>
         <uninitialized>true</uninitialized>
         <run_address>0x217</run_address>
         <size>0x1</size>
      </object_component>
      <object_component id="oc-1c4">
         <name>.common:hour</name>
         <uninitialized>true</uninitialized>
         <run_address>0x211</run_address>
         <size>0x1</size>
      </object_component>
      <object_component id="oc-1c7">
         <name>.common:year</name>
         <uninitialized>true</uninitialized>
         <run_address>0x21d</run_address>
         <size>0x1</size>
      </object_component>
      <object_component id="oc-1c6">
         <name>.common:month</name>
         <uninitialized>true</uninitialized>
         <run_address>0x219</run_address>
         <size>0x1</size>
      </object_component>
      <object_component id="oc-1c5">
         <name>.common:day</name>
         <uninitialized>true</uninitialized>
         <run_address>0x210</run_address>
         <size>0x1</size>
      </object_component>
      <object_component id="oc-2f1">
         <name>.common:sec1</name>
         <uninitialized>true</uninitialized>
         <run_address>0x21b</run_address>
         <size>0x1</size>
      </object_component>
      <object_component id="oc-1af">
         <name>.common:min1</name>
         <uninitialized>true</uninitialized>
         <run_address>0x218</run_address>
         <size>0x1</size>
      </object_component>
      <object_component id="oc-1c1">
         <name>.common:hour1</name>
         <uninitialized>true</uninitialized>
         <run_address>0x212</run_address>
         <size>0x1</size>
      </object_component>
      <object_component id="oc-1a5">
         <name>.common:cflag</name>
         <uninitialized>true</uninitialized>
         <run_address>0x20f</run_address>
         <size>0x1</size>
      </object_component>
      <object_component id="oc-1a8">
         <name>.common:PP</name>
         <uninitialized>true</uninitialized>
         <run_address>0x20d</run_address>
         <size>0x1</size>
      </object_component>
      <object_component id="oc-f5">
         <name>.stack</name>
         <uninitialized>true</uninitialized>
         <run_address>0x9b0</run_address>
         <size>0x2</size>
         <input_file_ref idref="fl-39"/>
      </object_component>
      <object_component id="oc-3cf">
         <name>.stack</name>
         <uninitialized>true</uninitialized>
         <run_address>0x9b0</run_address>
         <size>0x0</size>
      </object_component>
      <object_component id="oc-125">
         <name>.text:PORT1_ISR</name>
         <load_address>0x1100</load_address>
         <run_address>0x1100</run_address>
         <size>0x526</size>
         <input_file_ref idref="fl-8"/>
      </object_component>
      <object_component id="oc-296">
         <name>.text:choosespeed</name>
         <load_address>0x1626</load_address>
         <run_address>0x1626</run_address>
         <size>0x330</size>
         <input_file_ref idref="fl-5"/>
      </object_component>
      <object_component id="oc-273">
         <name>.text:stopwatch</name>
         <load_address>0x1956</load_address>
         <run_address>0x1956</run_address>
         <size>0x282</size>
         <input_file_ref idref="fl-9"/>
      </object_component>
      <object_component id="oc-1e4">
         <name>.text:main</name>
         <load_address>0x1bd8</load_address>
         <run_address>0x1bd8</run_address>
         <size>0x208</size>
         <input_file_ref idref="fl-8"/>
      </object_component>
      <object_component id="oc-305">
         <name>.text</name>
         <load_address>0x1de0</load_address>
         <run_address>0x1de0</run_address>
         <size>0xc4</size>
         <input_file_ref idref="fl-26"/>
      </object_component>
      <object_component id="oc-24d">
         <name>.text:xianshi</name>
         <load_address>0x1ea4</load_address>
         <run_address>0x1ea4</run_address>
         <size>0x88</size>
         <input_file_ref idref="fl-9"/>
      </object_component>
      <object_component id="oc-20a">
         <name>.text:Check_Key</name>
         <load_address>0x1f2c</load_address>
         <run_address>0x1f2c</run_address>
         <size>0x72</size>
         <input_file_ref idref="fl-6"/>
      </object_component>
      <object_component id="oc-1cb">
         <name>.text:Send_Byte</name>
         <load_address>0x1f9e</load_address>
         <run_address>0x1f9e</run_address>
         <size>0x66</size>
         <input_file_ref idref="fl-3"/>
      </object_component>
      <object_component id="oc-288">
         <name>.text:data_do</name>
         <load_address>0x2004</load_address>
         <run_address>0x2004</run_address>
         <size>0x62</size>
         <input_file_ref idref="fl-2"/>
      </object_component>
      <object_component id="oc-27f">
         <name>.text:ds1820_read_temp</name>
         <load_address>0x2066</load_address>
         <run_address>0x2066</run_address>
         <size>0x62</size>
         <input_file_ref idref="fl-2"/>
      </object_component>
      <object_component id="oc-2fa">
         <name>.text:ds1820_read_byte</name>
         <load_address>0x20c8</load_address>
         <run_address>0x20c8</run_address>
         <size>0x5e</size>
         <input_file_ref idref="fl-2"/>
      </object_component>
      <object_component id="oc-235">
         <name>.text:LCD_init</name>
         <load_address>0x2126</load_address>
         <run_address>0x2126</run_address>
         <size>0x58</size>
         <input_file_ref idref="fl-7"/>
      </object_component>
      <object_component id="oc-247">
         <name>.text:DS18B20_Reset</name>
         <load_address>0x217e</load_address>
         <run_address>0x217e</run_address>
         <size>0x4e</size>
         <input_file_ref idref="fl-2"/>
      </object_component>
      <object_component id="oc-1bb">
         <name>.text:lcd_pos</name>
         <load_address>0x21cc</load_address>
         <run_address>0x21cc</run_address>
         <size>0x4c</size>
         <input_file_ref idref="fl-7"/>
      </object_component>
      <object_component id="oc-26b">
         <name>.text:UART_Init</name>
         <load_address>0x2218</load_address>
         <run_address>0x2218</run_address>
         <size>0x4a</size>
         <input_file_ref idref="fl-3"/>
      </object_component>
      <object_component id="oc-199">
         <name>.text:Key_Event</name>
         <load_address>0x2262</load_address>
         <run_address>0x2262</run_address>
         <size>0x48</size>
         <input_file_ref idref="fl-6"/>
      </object_component>
      <object_component id="oc-30a">
         <name>.text</name>
         <load_address>0x22aa</load_address>
         <run_address>0x22aa</run_address>
         <size>0x46</size>
         <input_file_ref idref="fl-27"/>
      </object_component>
      <object_component id="oc-2f3">
         <name>.text:ds1820_write_byte</name>
         <load_address>0x22f0</load_address>
         <run_address>0x22f0</run_address>
         <size>0x44</size>
         <input_file_ref idref="fl-2"/>
      </object_component>
      <object_component id="oc-2a9">
         <name>.text:__TI_auto_init_nobinit_nopinit:__TI_auto_init_nobinit_nopinit</name>
         <load_address>0x2334</load_address>
         <run_address>0x2334</run_address>
         <size>0x42</size>
         <input_file_ref idref="fl-3a"/>
      </object_component>
      <object_component id="oc-229">
         <name>.text:init_clk</name>
         <load_address>0x2376</load_address>
         <run_address>0x2376</run_address>
         <size>0x2e</size>
         <input_file_ref idref="fl-4"/>
      </object_component>
      <object_component id="oc-28f">
         <name>.text:DisplayCgrom</name>
         <load_address>0x23a4</load_address>
         <run_address>0x23a4</run_address>
         <size>0x2c</size>
         <input_file_ref idref="fl-7"/>
      </object_component>
      <object_component id="oc-1b0">
         <name>.text</name>
         <load_address>0x23d0</load_address>
         <run_address>0x23d0</run_address>
         <size>0x2c</size>
         <input_file_ref idref="fl-24"/>
      </object_component>
      <object_component id="oc-1a9">
         <name>.text:LCD_write_com</name>
         <load_address>0x23fc</load_address>
         <run_address>0x23fc</run_address>
         <size>0x2a</size>
         <input_file_ref idref="fl-7"/>
      </object_component>
      <object_component id="oc-1b5">
         <name>.text:LCD_write_data</name>
         <load_address>0x2426</load_address>
         <run_address>0x2426</run_address>
         <size>0x2a</size>
         <input_file_ref idref="fl-7"/>
      </object_component>
      <object_component id="oc-300">
         <name>.text</name>
         <load_address>0x2450</load_address>
         <run_address>0x2450</run_address>
         <size>0x24</size>
         <input_file_ref idref="fl-28"/>
      </object_component>
      <object_component id="oc-241">
         <name>.text:LCD_Desk</name>
         <load_address>0x2474</load_address>
         <run_address>0x2474</run_address>
         <size>0x20</size>
         <input_file_ref idref="fl-7"/>
      </object_component>
      <object_component id="oc-137">
         <name>.text:UART0_RX_ISR</name>
         <load_address>0x2494</load_address>
         <run_address>0x2494</run_address>
         <size>0x1e</size>
         <input_file_ref idref="fl-3"/>
      </object_component>
      <object_component id="oc-155">
         <name>.text:_c_int00_noargs</name>
         <load_address>0x24b2</load_address>
         <run_address>0x24b2</run_address>
         <size>0x1c</size>
         <input_file_ref idref="fl-39"/>
      </object_component>
      <object_component id="oc-22f">
         <name>.text:LCD_Port_init</name>
         <load_address>0x24ce</load_address>
         <run_address>0x24ce</run_address>
         <size>0x18</size>
         <input_file_ref idref="fl-7"/>
      </object_component>
      <object_component id="oc-279">
         <name>.text:ds1820_start</name>
         <load_address>0x24e6</load_address>
         <run_address>0x24e6</run_address>
         <size>0x16</size>
         <input_file_ref idref="fl-2"/>
      </object_component>
      <object_component id="oc-218">
         <name>.text</name>
         <load_address>0x24fc</load_address>
         <run_address>0x24fc</run_address>
         <size>0x16</size>
         <input_file_ref idref="fl-25"/>
      </object_component>
      <object_component id="oc-23b">
         <name>.text:LCD_clear</name>
         <load_address>0x2512</load_address>
         <run_address>0x2512</run_address>
         <size>0x14</size>
         <input_file_ref idref="fl-7"/>
      </object_component>
      <object_component id="oc-143">
         <name>.text:decompress:ZI:__TI_zero_init_nomemset:__TI_zero_init_nomemset</name>
         <load_address>0x2526</load_address>
         <run_address>0x2526</run_address>
         <size>0x14</size>
         <input_file_ref idref="fl-3b"/>
      </object_component>
      <object_component id="oc-253">
         <name>.text:timer_A_init</name>
         <load_address>0x253a</load_address>
         <run_address>0x253a</run_address>
         <size>0x14</size>
         <input_file_ref idref="fl-9"/>
      </object_component>
      <object_component id="oc-265">
         <name>.text:init_port1</name>
         <load_address>0x254e</load_address>
         <run_address>0x254e</run_address>
         <size>0x12</size>
         <input_file_ref idref="fl-9"/>
      </object_component>
      <object_component id="oc-113">
         <name>.text:memcpy</name>
         <load_address>0x2560</load_address>
         <run_address>0x2560</run_address>
         <size>0x12</size>
         <input_file_ref idref="fl-45"/>
      </object_component>
      <object_component id="oc-103">
         <name>.text</name>
         <load_address>0x2572</load_address>
         <run_address>0x2572</run_address>
         <size>0x10</size>
         <input_file_ref idref="fl-46"/>
      </object_component>
      <object_component id="oc-259">
         <name>.text:ele_init</name>
         <load_address>0x2582</load_address>
         <run_address>0x2582</run_address>
         <size>0xe</size>
         <input_file_ref idref="fl-5"/>
      </object_component>
      <object_component id="oc-25f">
         <name>.text:timer_B_init</name>
         <load_address>0x2590</load_address>
         <run_address>0x2590</run_address>
         <size>0xe</size>
         <input_file_ref idref="fl-5"/>
      </object_component>
      <object_component id="oc-120">
         <name>.text:_isr:__TI_ISR_TRAP</name>
         <load_address>0x259e</load_address>
         <run_address>0x259e</run_address>
         <size>0x8</size>
         <input_file_ref idref="fl-33"/>
      </object_component>
      <object_component id="oc-12b">
         <name>.text:Timer_A</name>
         <load_address>0x25a6</load_address>
         <run_address>0x25a6</run_address>
         <size>0x6</size>
         <input_file_ref idref="fl-9"/>
      </object_component>
      <object_component id="oc-13d">
         <name>.text:Timer_B</name>
         <load_address>0x25ac</load_address>
         <run_address>0x25ac</run_address>
         <size>0x6</size>
         <input_file_ref idref="fl-5"/>
      </object_component>
      <object_component id="oc-29d">
         <name>.text:abort</name>
         <load_address>0x25b2</load_address>
         <run_address>0x25b2</run_address>
         <size>0x6</size>
         <input_file_ref idref="fl-42"/>
      </object_component>
      <object_component id="oc-1de">
         <name>.text:_system_pre_init</name>
         <load_address>0x25b8</load_address>
         <run_address>0x25b8</run_address>
         <size>0x4</size>
         <input_file_ref idref="fl-3e"/>
      </object_component>
      <object_component id="oc-131">
         <name>.text:UART0_TX_ISR</name>
         <load_address>0x25bc</load_address>
         <run_address>0x25bc</run_address>
         <size>0x2</size>
         <input_file_ref idref="fl-3"/>
      </object_component>
      <object_component id="oc-32c">
         <name>.text:_system_post_cinit</name>
         <load_address>0x25be</load_address>
         <run_address>0x25be</run_address>
         <size>0x2</size>
         <input_file_ref idref="fl-3f"/>
      </object_component>
      <object_component id="oc-3ce">
         <name>.cinit..bss.load</name>
         <load_address>0x2626</load_address>
         <run_address>0x2626</run_address>
         <size>0x4</size>
      </object_component>
      <object_component id="oc-3cc">
         <name>__TI_handler_table</name>
         <load_address>0x262a</load_address>
         <run_address>0x262a</run_address>
         <size>0x2</size>
      </object_component>
      <object_component id="oc-3cd">
         <name>__TI_cinit_table</name>
         <load_address>0x262c</load_address>
         <run_address>0x262c</run_address>
         <size>0x4</size>
      </object_component>
      <object_component id="oc-318">
         <name>.const:.string</name>
         <load_address>0x25c0</load_address>
         <run_address>0x25c0</run_address>
         <size>0x36</size>
         <input_file_ref idref="fl-5"/>
      </object_component>
      <object_component id="oc-2dc">
         <name>.const:.string:$P$T0$1</name>
         <load_address>0x25f6</load_address>
         <run_address>0x25f6</run_address>
         <size>0x10</size>
         <input_file_ref idref="fl-6"/>
      </object_component>
      <object_component id="oc-2ea">
         <name>.const:.string</name>
         <load_address>0x2606</load_address>
         <run_address>0x2606</run_address>
         <size>0x10</size>
         <input_file_ref idref="fl-9"/>
      </object_component>
      <object_component id="oc-2e7">
         <name>.const:.string</name>
         <load_address>0x2616</load_address>
         <run_address>0x2616</run_address>
         <size>0x8</size>
         <input_file_ref idref="fl-7"/>
      </object_component>
      <object_component id="oc-295">
         <name>.const:.string</name>
         <load_address>0x261e</load_address>
         <run_address>0x261e</run_address>
         <size>0x8</size>
         <input_file_ref idref="fl-8"/>
      </object_component>
      <object_component id="oc-391">
         <name>.binit</name>
         <load_address>0x1100</load_address>
         <run_address>0x1100</run_address>
         <size>0x0</size>
      </object_component>
      <object_component id="oc-3f">
         <name>.int00</name>
         <load_address>0xffe0</load_address>
         <run_address>0xffe0</run_address>
         <size>0x2</size>
         <input_file_ref idref="fl-29"/>
      </object_component>
      <object_component id="oc-40">
         <name>.int01</name>
         <load_address>0xffe2</load_address>
         <run_address>0xffe2</run_address>
         <size>0x2</size>
         <input_file_ref idref="fl-2a"/>
      </object_component>
      <object_component id="oc-41">
         <name>.int02</name>
         <load_address>0xffe4</load_address>
         <run_address>0xffe4</run_address>
         <size>0x2</size>
         <input_file_ref idref="fl-2b"/>
      </object_component>
      <object_component id="oc-42">
         <name>.int03</name>
         <load_address>0xffe6</load_address>
         <run_address>0xffe6</run_address>
         <size>0x2</size>
         <input_file_ref idref="fl-2c"/>
      </object_component>
      <object_component id="oc-43">
         <name>.int04</name>
         <load_address>0xffe8</load_address>
         <run_address>0xffe8</run_address>
         <size>0x2</size>
         <input_file_ref idref="fl-8"/>
      </object_component>
      <object_component id="oc-44">
         <name>.int05</name>
         <load_address>0xffea</load_address>
         <run_address>0xffea</run_address>
         <size>0x2</size>
         <input_file_ref idref="fl-2d"/>
      </object_component>
      <object_component id="oc-45">
         <name>.int06</name>
         <load_address>0xffec</load_address>
         <run_address>0xffec</run_address>
         <size>0x2</size>
         <input_file_ref idref="fl-9"/>
      </object_component>
      <object_component id="oc-46">
         <name>.int07</name>
         <load_address>0xffee</load_address>
         <run_address>0xffee</run_address>
         <size>0x2</size>
         <input_file_ref idref="fl-2e"/>
      </object_component>
      <object_component id="oc-47">
         <name>.int08</name>
         <load_address>0xfff0</load_address>
         <run_address>0xfff0</run_address>
         <size>0x2</size>
         <input_file_ref idref="fl-3"/>
      </object_component>
      <object_component id="oc-48">
         <name>.int09</name>
         <load_address>0xfff2</load_address>
         <run_address>0xfff2</run_address>
         <size>0x2</size>
         <input_file_ref idref="fl-3"/>
      </object_component>
      <object_component id="oc-49">
         <name>.int10</name>
         <load_address>0xfff4</load_address>
         <run_address>0xfff4</run_address>
         <size>0x2</size>
         <input_file_ref idref="fl-2f"/>
      </object_component>
      <object_component id="oc-4a">
         <name>.int11</name>
         <load_address>0xfff6</load_address>
         <run_address>0xfff6</run_address>
         <size>0x2</size>
         <input_file_ref idref="fl-30"/>
      </object_component>
      <object_component id="oc-4b">
         <name>.int12</name>
         <load_address>0xfff8</load_address>
         <run_address>0xfff8</run_address>
         <size>0x2</size>
         <input_file_ref idref="fl-31"/>
      </object_component>
      <object_component id="oc-4c">
         <name>.int13</name>
         <load_address>0xfffa</load_address>
         <run_address>0xfffa</run_address>
         <size>0x2</size>
         <input_file_ref idref="fl-5"/>
      </object_component>
      <object_component id="oc-4d">
         <name>.int14</name>
         <load_address>0xfffc</load_address>
         <run_address>0xfffc</run_address>
         <size>0x2</size>
         <input_file_ref idref="fl-32"/>
      </object_component>
      <object_component id="oc-f8">
         <name>.reset</name>
         <load_address>0xfffe</load_address>
         <run_address>0xfffe</run_address>
         <size>0x2</size>
         <input_file_ref idref="fl-39"/>
      </object_component>
      <object_component id="oc-286">
         <name>.debug_info</name>
         <load_address>0x0</load_address>
         <run_address>0x0</run_address>
         <size>0x230</size>
         <input_file_ref idref="fl-2"/>
      </object_component>
      <object_component id="oc-2f4">
         <name>.debug_info</name>
         <load_address>0x230</load_address>
         <run_address>0x230</run_address>
         <size>0x13a</size>
         <input_file_ref idref="fl-2"/>
      </object_component>
      <object_component id="oc-249">
         <name>.debug_info</name>
         <load_address>0x36a</load_address>
         <run_address>0x36a</run_address>
         <size>0x110</size>
         <input_file_ref idref="fl-2"/>
      </object_component>
      <object_component id="oc-27a">
         <name>.debug_info</name>
         <load_address>0x47a</load_address>
         <run_address>0x47a</run_address>
         <size>0x143</size>
         <input_file_ref idref="fl-2"/>
      </object_component>
      <object_component id="oc-2fc">
         <name>.debug_info</name>
         <load_address>0x5bd</load_address>
         <run_address>0x5bd</run_address>
         <size>0x129</size>
         <input_file_ref idref="fl-2"/>
      </object_component>
      <object_component id="oc-280">
         <name>.debug_info</name>
         <load_address>0x6e6</load_address>
         <run_address>0x6e6</run_address>
         <size>0x1bf</size>
         <input_file_ref idref="fl-2"/>
      </object_component>
      <object_component id="oc-28a">
         <name>.debug_info</name>
         <load_address>0x8a5</load_address>
         <run_address>0x8a5</run_address>
         <size>0x17e</size>
         <input_file_ref idref="fl-2"/>
      </object_component>
      <object_component id="oc-10e">
         <name>.debug_info</name>
         <load_address>0xa23</load_address>
         <run_address>0xa23</run_address>
         <size>0x84</size>
         <input_file_ref idref="fl-2"/>
      </object_component>
      <object_component id="oc-221">
         <name>.debug_info</name>
         <load_address>0xaa7</load_address>
         <run_address>0xaa7</run_address>
         <size>0x24e</size>
         <input_file_ref idref="fl-3"/>
      </object_component>
      <object_component id="oc-26d">
         <name>.debug_info</name>
         <load_address>0xcf5</load_address>
         <run_address>0xcf5</run_address>
         <size>0xf0</size>
         <input_file_ref idref="fl-3"/>
      </object_component>
      <object_component id="oc-132">
         <name>.debug_info</name>
         <load_address>0xde5</load_address>
         <run_address>0xde5</run_address>
         <size>0xf7</size>
         <input_file_ref idref="fl-3"/>
      </object_component>
      <object_component id="oc-1cd">
         <name>.debug_info</name>
         <load_address>0xedc</load_address>
         <run_address>0xedc</run_address>
         <size>0x112</size>
         <input_file_ref idref="fl-3"/>
      </object_component>
      <object_component id="oc-139">
         <name>.debug_info</name>
         <load_address>0xfee</load_address>
         <run_address>0xfee</run_address>
         <size>0x118</size>
         <input_file_ref idref="fl-3"/>
      </object_component>
      <object_component id="oc-22b">
         <name>.debug_info</name>
         <load_address>0x1106</load_address>
         <run_address>0x1106</run_address>
         <size>0xfc</size>
         <input_file_ref idref="fl-4"/>
      </object_component>
      <object_component id="oc-1d3">
         <name>.debug_info</name>
         <load_address>0x1202</load_address>
         <run_address>0x1202</run_address>
         <size>0x2b7</size>
         <input_file_ref idref="fl-5"/>
      </object_component>
      <object_component id="oc-260">
         <name>.debug_info</name>
         <load_address>0x14b9</load_address>
         <run_address>0x14b9</run_address>
         <size>0x108</size>
         <input_file_ref idref="fl-5"/>
      </object_component>
      <object_component id="oc-25b">
         <name>.debug_info</name>
         <load_address>0x15c1</load_address>
         <run_address>0x15c1</run_address>
         <size>0x100</size>
         <input_file_ref idref="fl-5"/>
      </object_component>
      <object_component id="oc-298">
         <name>.debug_info</name>
         <load_address>0x16c1</load_address>
         <run_address>0x16c1</run_address>
         <size>0x43e</size>
         <input_file_ref idref="fl-5"/>
      </object_component>
      <object_component id="oc-13e">
         <name>.debug_info</name>
         <load_address>0x1aff</load_address>
         <run_address>0x1aff</run_address>
         <size>0xff</size>
         <input_file_ref idref="fl-5"/>
      </object_component>
      <object_component id="oc-1a0">
         <name>.debug_info</name>
         <load_address>0x1bfe</load_address>
         <run_address>0x1bfe</run_address>
         <size>0x207</size>
         <input_file_ref idref="fl-6"/>
      </object_component>
      <object_component id="oc-2dd">
         <name>.debug_info</name>
         <load_address>0x1e05</load_address>
         <run_address>0x1e05</run_address>
         <size>0xc2</size>
         <input_file_ref idref="fl-6"/>
      </object_component>
      <object_component id="oc-20d">
         <name>.debug_info</name>
         <load_address>0x1ec7</load_address>
         <run_address>0x1ec7</run_address>
         <size>0x158</size>
         <input_file_ref idref="fl-6"/>
      </object_component>
      <object_component id="oc-19d">
         <name>.debug_info</name>
         <load_address>0x201f</load_address>
         <run_address>0x201f</run_address>
         <size>0x112</size>
         <input_file_ref idref="fl-6"/>
      </object_component>
      <object_component id="oc-317">
         <name>.debug_info</name>
         <load_address>0x2131</load_address>
         <run_address>0x2131</run_address>
         <size>0x1d9</size>
         <input_file_ref idref="fl-7"/>
      </object_component>
      <object_component id="oc-1aa">
         <name>.debug_info</name>
         <load_address>0x230a</load_address>
         <run_address>0x230a</run_address>
         <size>0x122</size>
         <input_file_ref idref="fl-7"/>
      </object_component>
      <object_component id="oc-1bc">
         <name>.debug_info</name>
         <load_address>0x242c</load_address>
         <run_address>0x242c</run_address>
         <size>0x174</size>
         <input_file_ref idref="fl-7"/>
      </object_component>
      <object_component id="oc-1b6">
         <name>.debug_info</name>
         <load_address>0x25a0</load_address>
         <run_address>0x25a0</run_address>
         <size>0x128</size>
         <input_file_ref idref="fl-7"/>
      </object_component>
      <object_component id="oc-236">
         <name>.debug_info</name>
         <load_address>0x26c8</load_address>
         <run_address>0x26c8</run_address>
         <size>0x15e</size>
         <input_file_ref idref="fl-7"/>
      </object_component>
      <object_component id="oc-23c">
         <name>.debug_info</name>
         <load_address>0x2826</load_address>
         <run_address>0x2826</run_address>
         <size>0x110</size>
         <input_file_ref idref="fl-7"/>
      </object_component>
      <object_component id="oc-230">
         <name>.debug_info</name>
         <load_address>0x2936</load_address>
         <run_address>0x2936</run_address>
         <size>0x104</size>
         <input_file_ref idref="fl-7"/>
      </object_component>
      <object_component id="oc-290">
         <name>.debug_info</name>
         <load_address>0x2a3a</load_address>
         <run_address>0x2a3a</run_address>
         <size>0x131</size>
         <input_file_ref idref="fl-7"/>
      </object_component>
      <object_component id="oc-244">
         <name>.debug_info</name>
         <load_address>0x2b6b</load_address>
         <run_address>0x2b6b</run_address>
         <size>0x11b</size>
         <input_file_ref idref="fl-7"/>
      </object_component>
      <object_component id="oc-1a2">
         <name>.debug_info</name>
         <load_address>0x2c86</load_address>
         <run_address>0x2c86</run_address>
         <size>0x737</size>
         <input_file_ref idref="fl-8"/>
      </object_component>
      <object_component id="oc-1e6">
         <name>.debug_info</name>
         <load_address>0x33bd</load_address>
         <run_address>0x33bd</run_address>
         <size>0x23b</size>
         <input_file_ref idref="fl-8"/>
      </object_component>
      <object_component id="oc-126">
         <name>.debug_info</name>
         <load_address>0x35f8</load_address>
         <run_address>0x35f8</run_address>
         <size>0x79a</size>
         <input_file_ref idref="fl-8"/>
      </object_component>
      <object_component id="oc-1a6">
         <name>.debug_info</name>
         <load_address>0x3d92</load_address>
         <run_address>0x3d92</run_address>
         <size>0x394</size>
         <input_file_ref idref="fl-9"/>
      </object_component>
      <object_component id="oc-24f">
         <name>.debug_info</name>
         <load_address>0x4126</load_address>
         <run_address>0x4126</run_address>
         <size>0x208</size>
         <input_file_ref idref="fl-9"/>
      </object_component>
      <object_component id="oc-254">
         <name>.debug_info</name>
         <load_address>0x432e</load_address>
         <run_address>0x432e</run_address>
         <size>0x102</size>
         <input_file_ref idref="fl-9"/>
      </object_component>
      <object_component id="oc-275">
         <name>.debug_info</name>
         <load_address>0x4430</load_address>
         <run_address>0x4430</run_address>
         <size>0x47a</size>
         <input_file_ref idref="fl-9"/>
      </object_component>
      <object_component id="oc-268">
         <name>.debug_info</name>
         <load_address>0x48aa</load_address>
         <run_address>0x48aa</run_address>
         <size>0xfe</size>
         <input_file_ref idref="fl-9"/>
      </object_component>
      <object_component id="oc-12e">
         <name>.debug_info</name>
         <load_address>0x49a8</load_address>
         <run_address>0x49a8</run_address>
         <size>0xf9</size>
         <input_file_ref idref="fl-9"/>
      </object_component>
      <object_component id="oc-1b2">
         <name>.debug_info</name>
         <load_address>0x4aa1</load_address>
         <run_address>0x4aa1</run_address>
         <size>0x12d</size>
         <input_file_ref idref="fl-24"/>
      </object_component>
      <object_component id="oc-219">
         <name>.debug_info</name>
         <load_address>0x4bce</load_address>
         <run_address>0x4bce</run_address>
         <size>0x119</size>
         <input_file_ref idref="fl-25"/>
      </object_component>
      <object_component id="oc-307">
         <name>.debug_info</name>
         <load_address>0x4ce7</load_address>
         <run_address>0x4ce7</run_address>
         <size>0x119</size>
         <input_file_ref idref="fl-26"/>
      </object_component>
      <object_component id="oc-30d">
         <name>.debug_info</name>
         <load_address>0x4e00</load_address>
         <run_address>0x4e00</run_address>
         <size>0x127</size>
         <input_file_ref idref="fl-27"/>
      </object_component>
      <object_component id="oc-302">
         <name>.debug_info</name>
         <load_address>0x4f27</load_address>
         <run_address>0x4f27</run_address>
         <size>0x11c</size>
         <input_file_ref idref="fl-28"/>
      </object_component>
      <object_component id="oc-123">
         <name>.debug_info</name>
         <load_address>0x5043</load_address>
         <run_address>0x5043</run_address>
         <size>0x107</size>
         <input_file_ref idref="fl-33"/>
      </object_component>
      <object_component id="oc-f6">
         <name>.debug_info</name>
         <load_address>0x514a</load_address>
         <run_address>0x514a</run_address>
         <size>0xf5</size>
         <input_file_ref idref="fl-39"/>
      </object_component>
      <object_component id="oc-158">
         <name>.debug_info</name>
         <load_address>0x523f</load_address>
         <run_address>0x523f</run_address>
         <size>0x16f</size>
         <input_file_ref idref="fl-39"/>
      </object_component>
      <object_component id="oc-333">
         <name>.debug_info</name>
         <load_address>0x53ae</load_address>
         <run_address>0x53ae</run_address>
         <size>0x472</size>
         <input_file_ref idref="fl-3a"/>
      </object_component>
      <object_component id="oc-2ab">
         <name>.debug_info</name>
         <load_address>0x5820</load_address>
         <run_address>0x5820</run_address>
         <size>0x1d5</size>
         <input_file_ref idref="fl-3a"/>
      </object_component>
      <object_component id="oc-36d">
         <name>.debug_info</name>
         <load_address>0x59f5</load_address>
         <run_address>0x59f5</run_address>
         <size>0x39</size>
         <input_file_ref idref="fl-3a"/>
      </object_component>
      <object_component id="oc-37e">
         <name>.debug_info</name>
         <load_address>0x5a2e</load_address>
         <run_address>0x5a2e</run_address>
         <size>0x2c</size>
         <input_file_ref idref="fl-3a"/>
      </object_component>
      <object_component id="oc-33e">
         <name>.debug_info</name>
         <load_address>0x5a5a</load_address>
         <run_address>0x5a5a</run_address>
         <size>0x2c</size>
         <input_file_ref idref="fl-3a"/>
      </object_component>
      <object_component id="oc-372">
         <name>.debug_info</name>
         <load_address>0x5a86</load_address>
         <run_address>0x5a86</run_address>
         <size>0xcd</size>
         <input_file_ref idref="fl-3a"/>
      </object_component>
      <object_component id="oc-1dc">
         <name>.debug_info</name>
         <load_address>0x5b53</load_address>
         <run_address>0x5b53</run_address>
         <size>0x1b4</size>
         <input_file_ref idref="fl-3b"/>
      </object_component>
      <object_component id="oc-146">
         <name>.debug_info</name>
         <load_address>0x5d07</load_address>
         <run_address>0x5d07</run_address>
         <size>0x1c7</size>
         <input_file_ref idref="fl-3b"/>
      </object_component>
      <object_component id="oc-1d7">
         <name>.debug_info</name>
         <load_address>0x5ece</load_address>
         <run_address>0x5ece</run_address>
         <size>0x46</size>
         <input_file_ref idref="fl-3b"/>
      </object_component>
      <object_component id="oc-18c">
         <name>.debug_info</name>
         <load_address>0x5f14</load_address>
         <run_address>0x5f14</run_address>
         <size>0x2c</size>
         <input_file_ref idref="fl-3b"/>
      </object_component>
      <object_component id="oc-1e1">
         <name>.debug_info</name>
         <load_address>0x5f40</load_address>
         <run_address>0x5f40</run_address>
         <size>0x148</size>
         <input_file_ref idref="fl-3e"/>
      </object_component>
      <object_component id="oc-32d">
         <name>.debug_info</name>
         <load_address>0x6088</load_address>
         <run_address>0x6088</run_address>
         <size>0x145</size>
         <input_file_ref idref="fl-3f"/>
      </object_component>
      <object_component id="oc-29e">
         <name>.debug_info</name>
         <load_address>0x61cd</load_address>
         <run_address>0x61cd</run_address>
         <size>0x117</size>
         <input_file_ref idref="fl-42"/>
      </object_component>
      <object_component id="oc-18b">
         <name>.debug_info</name>
         <load_address>0x62e4</load_address>
         <run_address>0x62e4</run_address>
         <size>0x176</size>
         <input_file_ref idref="fl-45"/>
      </object_component>
      <object_component id="oc-114">
         <name>.debug_info</name>
         <load_address>0x645a</load_address>
         <run_address>0x645a</run_address>
         <size>0x16f</size>
         <input_file_ref idref="fl-45"/>
      </object_component>
      <object_component id="oc-106">
         <name>.debug_info</name>
         <load_address>0x65c9</load_address>
         <run_address>0x65c9</run_address>
         <size>0x126</size>
         <input_file_ref idref="fl-46"/>
      </object_component>
      <object_component id="oc-3d0">
         <name>.debug_info</name>
         <load_address>0x66ef</load_address>
         <run_address>0x66ef</run_address>
         <size>0x96</size>
      </object_component>
      <object_component id="oc-311">
         <name>.debug_line</name>
         <load_address>0x0</load_address>
         <run_address>0x0</run_address>
         <size>0x64</size>
         <input_file_ref idref="fl-2"/>
      </object_component>
      <object_component id="oc-2f7">
         <name>.debug_line</name>
         <load_address>0x64</load_address>
         <run_address>0x64</run_address>
         <size>0x56</size>
         <input_file_ref idref="fl-2"/>
      </object_component>
      <object_component id="oc-248">
         <name>.debug_line</name>
         <load_address>0xba</load_address>
         <run_address>0xba</run_address>
         <size>0x4d</size>
         <input_file_ref idref="fl-2"/>
      </object_component>
      <object_component id="oc-27d">
         <name>.debug_line</name>
         <load_address>0x107</load_address>
         <run_address>0x107</run_address>
         <size>0x48</size>
         <input_file_ref idref="fl-2"/>
      </object_component>
      <object_component id="oc-2fb">
         <name>.debug_line</name>
         <load_address>0x14f</load_address>
         <run_address>0x14f</run_address>
         <size>0x5e</size>
         <input_file_ref idref="fl-2"/>
      </object_component>
      <object_component id="oc-283">
         <name>.debug_line</name>
         <load_address>0x1ad</load_address>
         <run_address>0x1ad</run_address>
         <size>0x57</size>
         <input_file_ref idref="fl-2"/>
      </object_component>
      <object_component id="oc-289">
         <name>.debug_line</name>
         <load_address>0x204</load_address>
         <run_address>0x204</run_address>
         <size>0x4d</size>
         <input_file_ref idref="fl-2"/>
      </object_component>
      <object_component id="oc-111">
         <name>.debug_line</name>
         <load_address>0x251</load_address>
         <run_address>0x251</run_address>
         <size>0x20</size>
         <input_file_ref idref="fl-2"/>
      </object_component>
      <object_component id="oc-2e2">
         <name>.debug_line</name>
         <load_address>0x271</load_address>
         <run_address>0x271</run_address>
         <size>0x61</size>
         <input_file_ref idref="fl-3"/>
      </object_component>
      <object_component id="oc-26c">
         <name>.debug_line</name>
         <load_address>0x2d2</load_address>
         <run_address>0x2d2</run_address>
         <size>0x4c</size>
         <input_file_ref idref="fl-3"/>
      </object_component>
      <object_component id="oc-135">
         <name>.debug_line</name>
         <load_address>0x31e</load_address>
         <run_address>0x31e</run_address>
         <size>0x3b</size>
         <input_file_ref idref="fl-3"/>
      </object_component>
      <object_component id="oc-1d0">
         <name>.debug_line</name>
         <load_address>0x359</load_address>
         <run_address>0x359</run_address>
         <size>0x71</size>
         <input_file_ref idref="fl-3"/>
      </object_component>
      <object_component id="oc-138">
         <name>.debug_line</name>
         <load_address>0x3ca</load_address>
         <run_address>0x3ca</run_address>
         <size>0x44</size>
         <input_file_ref idref="fl-3"/>
      </object_component>
      <object_component id="oc-22d">
         <name>.debug_line</name>
         <load_address>0x40e</load_address>
         <run_address>0x40e</run_address>
         <size>0x54</size>
         <input_file_ref idref="fl-4"/>
      </object_component>
      <object_component id="oc-225">
         <name>.debug_line</name>
         <load_address>0x462</load_address>
         <run_address>0x462</run_address>
         <size>0x78</size>
         <input_file_ref idref="fl-5"/>
      </object_component>
      <object_component id="oc-263">
         <name>.debug_line</name>
         <load_address>0x4da</load_address>
         <run_address>0x4da</run_address>
         <size>0x47</size>
         <input_file_ref idref="fl-5"/>
      </object_component>
      <object_component id="oc-25e">
         <name>.debug_line</name>
         <load_address>0x521</load_address>
         <run_address>0x521</run_address>
         <size>0x47</size>
         <input_file_ref idref="fl-5"/>
      </object_component>
      <object_component id="oc-297">
         <name>.debug_line</name>
         <load_address>0x568</load_address>
         <run_address>0x568</run_address>
         <size>0xec</size>
         <input_file_ref idref="fl-5"/>
      </object_component>
      <object_component id="oc-141">
         <name>.debug_line</name>
         <load_address>0x654</load_address>
         <run_address>0x654</run_address>
         <size>0x46</size>
         <input_file_ref idref="fl-5"/>
      </object_component>
      <object_component id="oc-212">
         <name>.debug_line</name>
         <load_address>0x69a</load_address>
         <run_address>0x69a</run_address>
         <size>0x62</size>
         <input_file_ref idref="fl-6"/>
      </object_component>
      <object_component id="oc-34e">
         <name>.debug_line</name>
         <load_address>0x6fc</load_address>
         <run_address>0x6fc</run_address>
         <size>0x2e</size>
         <input_file_ref idref="fl-6"/>
      </object_component>
      <object_component id="oc-20f">
         <name>.debug_line</name>
         <load_address>0x72a</load_address>
         <run_address>0x72a</run_address>
         <size>0x62</size>
         <input_file_ref idref="fl-6"/>
      </object_component>
      <object_component id="oc-19c">
         <name>.debug_line</name>
         <load_address>0x78c</load_address>
         <run_address>0x78c</run_address>
         <size>0x55</size>
         <input_file_ref idref="fl-6"/>
      </object_component>
      <object_component id="oc-355">
         <name>.debug_line</name>
         <load_address>0x7e1</load_address>
         <run_address>0x7e1</run_address>
         <size>0x54</size>
         <input_file_ref idref="fl-7"/>
      </object_component>
      <object_component id="oc-1ae">
         <name>.debug_line</name>
         <load_address>0x835</load_address>
         <run_address>0x835</run_address>
         <size>0x49</size>
         <input_file_ref idref="fl-7"/>
      </object_component>
      <object_component id="oc-1bf">
         <name>.debug_line</name>
         <load_address>0x87e</load_address>
         <run_address>0x87e</run_address>
         <size>0x5f</size>
         <input_file_ref idref="fl-7"/>
      </object_component>
      <object_component id="oc-1ba">
         <name>.debug_line</name>
         <load_address>0x8dd</load_address>
         <run_address>0x8dd</run_address>
         <size>0x49</size>
         <input_file_ref idref="fl-7"/>
      </object_component>
      <object_component id="oc-23a">
         <name>.debug_line</name>
         <load_address>0x926</load_address>
         <run_address>0x926</run_address>
         <size>0x50</size>
         <input_file_ref idref="fl-7"/>
      </object_component>
      <object_component id="oc-240">
         <name>.debug_line</name>
         <load_address>0x976</load_address>
         <run_address>0x976</run_address>
         <size>0x47</size>
         <input_file_ref idref="fl-7"/>
      </object_component>
      <object_component id="oc-234">
         <name>.debug_line</name>
         <load_address>0x9bd</load_address>
         <run_address>0x9bd</run_address>
         <size>0x48</size>
         <input_file_ref idref="fl-7"/>
      </object_component>
      <object_component id="oc-294">
         <name>.debug_line</name>
         <load_address>0xa05</load_address>
         <run_address>0xa05</run_address>
         <size>0x4f</size>
         <input_file_ref idref="fl-7"/>
      </object_component>
      <object_component id="oc-246">
         <name>.debug_line</name>
         <load_address>0xa54</load_address>
         <run_address>0xa54</run_address>
         <size>0x49</size>
         <input_file_ref idref="fl-7"/>
      </object_component>
      <object_component id="oc-214">
         <name>.debug_line</name>
         <load_address>0xa9d</load_address>
         <run_address>0xa9d</run_address>
         <size>0xcf</size>
         <input_file_ref idref="fl-8"/>
      </object_component>
      <object_component id="oc-1e9">
         <name>.debug_line</name>
         <load_address>0xb6c</load_address>
         <run_address>0xb6c</run_address>
         <size>0xc8</size>
         <input_file_ref idref="fl-8"/>
      </object_component>
      <object_component id="oc-12a">
         <name>.debug_line</name>
         <load_address>0xc34</load_address>
         <run_address>0xc34</run_address>
         <size>0x1a7</size>
         <input_file_ref idref="fl-8"/>
      </object_component>
      <object_component id="oc-216">
         <name>.debug_line</name>
         <load_address>0xddb</load_address>
         <run_address>0xddb</run_address>
         <size>0x83</size>
         <input_file_ref idref="fl-9"/>
      </object_component>
      <object_component id="oc-252">
         <name>.debug_line</name>
         <load_address>0xe5e</load_address>
         <run_address>0xe5e</run_address>
         <size>0x53</size>
         <input_file_ref idref="fl-9"/>
      </object_component>
      <object_component id="oc-257">
         <name>.debug_line</name>
         <load_address>0xeb1</load_address>
         <run_address>0xeb1</run_address>
         <size>0x49</size>
         <input_file_ref idref="fl-9"/>
      </object_component>
      <object_component id="oc-277">
         <name>.debug_line</name>
         <load_address>0xefa</load_address>
         <run_address>0xefa</run_address>
         <size>0x93</size>
         <input_file_ref idref="fl-9"/>
      </object_component>
      <object_component id="oc-26a">
         <name>.debug_line</name>
         <load_address>0xf8d</load_address>
         <run_address>0xf8d</run_address>
         <size>0x4a</size>
         <input_file_ref idref="fl-9"/>
      </object_component>
      <object_component id="oc-12d">
         <name>.debug_line</name>
         <load_address>0xfd7</load_address>
         <run_address>0xfd7</run_address>
         <size>0x44</size>
         <input_file_ref idref="fl-9"/>
      </object_component>
      <object_component id="oc-1b1">
         <name>.debug_line</name>
         <load_address>0x101b</load_address>
         <run_address>0x101b</run_address>
         <size>0x4d</size>
         <input_file_ref idref="fl-24"/>
      </object_component>
      <object_component id="oc-21c">
         <name>.debug_line</name>
         <load_address>0x1068</load_address>
         <run_address>0x1068</run_address>
         <size>0x43</size>
         <input_file_ref idref="fl-25"/>
      </object_component>
      <object_component id="oc-309">
         <name>.debug_line</name>
         <load_address>0x10ab</load_address>
         <run_address>0x10ab</run_address>
         <size>0x94</size>
         <input_file_ref idref="fl-26"/>
      </object_component>
      <object_component id="oc-30b">
         <name>.debug_line</name>
         <load_address>0x113f</load_address>
         <run_address>0x113f</run_address>
         <size>0x5a</size>
         <input_file_ref idref="fl-27"/>
      </object_component>
      <object_component id="oc-304">
         <name>.debug_line</name>
         <load_address>0x1199</load_address>
         <run_address>0x1199</run_address>
         <size>0x4d</size>
         <input_file_ref idref="fl-28"/>
      </object_component>
      <object_component id="oc-121">
         <name>.debug_line</name>
         <load_address>0x11e6</load_address>
         <run_address>0x11e6</run_address>
         <size>0x3d</size>
         <input_file_ref idref="fl-33"/>
      </object_component>
      <object_component id="oc-180">
         <name>.debug_line</name>
         <load_address>0x1223</load_address>
         <run_address>0x1223</run_address>
         <size>0x2a</size>
         <input_file_ref idref="fl-39"/>
      </object_component>
      <object_component id="oc-157">
         <name>.debug_line</name>
         <load_address>0x124d</load_address>
         <run_address>0x124d</run_address>
         <size>0x46</size>
         <input_file_ref idref="fl-39"/>
      </object_component>
      <object_component id="oc-36c">
         <name>.debug_line</name>
         <load_address>0x1293</load_address>
         <run_address>0x1293</run_address>
         <size>0xb7</size>
         <input_file_ref idref="fl-3a"/>
      </object_component>
      <object_component id="oc-2aa">
         <name>.debug_line</name>
         <load_address>0x134a</load_address>
         <run_address>0x134a</run_address>
         <size>0x76</size>
         <input_file_ref idref="fl-3a"/>
      </object_component>
      <object_component id="oc-370">
         <name>.debug_line</name>
         <load_address>0x13c0</load_address>
         <run_address>0x13c0</run_address>
         <size>0x2e</size>
         <input_file_ref idref="fl-3a"/>
      </object_component>
      <object_component id="oc-381">
         <name>.debug_line</name>
         <load_address>0x13ee</load_address>
         <run_address>0x13ee</run_address>
         <size>0x92</size>
         <input_file_ref idref="fl-3a"/>
      </object_component>
      <object_component id="oc-341">
         <name>.debug_line</name>
         <load_address>0x1480</load_address>
         <run_address>0x1480</run_address>
         <size>0x8f</size>
         <input_file_ref idref="fl-3a"/>
      </object_component>
      <object_component id="oc-375">
         <name>.debug_line</name>
         <load_address>0x150f</load_address>
         <run_address>0x150f</run_address>
         <size>0x8b</size>
         <input_file_ref idref="fl-3a"/>
      </object_component>
      <object_component id="oc-227">
         <name>.debug_line</name>
         <load_address>0x159a</load_address>
         <run_address>0x159a</run_address>
         <size>0x34</size>
         <input_file_ref idref="fl-3b"/>
      </object_component>
      <object_component id="oc-145">
         <name>.debug_line</name>
         <load_address>0x15ce</load_address>
         <run_address>0x15ce</run_address>
         <size>0x4d</size>
         <input_file_ref idref="fl-3b"/>
      </object_component>
      <object_component id="oc-1da">
         <name>.debug_line</name>
         <load_address>0x161b</load_address>
         <run_address>0x161b</run_address>
         <size>0x34</size>
         <input_file_ref idref="fl-3b"/>
      </object_component>
      <object_component id="oc-18f">
         <name>.debug_line</name>
         <load_address>0x164f</load_address>
         <run_address>0x164f</run_address>
         <size>0x8a</size>
         <input_file_ref idref="fl-3b"/>
      </object_component>
      <object_component id="oc-1df">
         <name>.debug_line</name>
         <load_address>0x16d9</load_address>
         <run_address>0x16d9</run_address>
         <size>0x3e</size>
         <input_file_ref idref="fl-3e"/>
      </object_component>
      <object_component id="oc-330">
         <name>.debug_line</name>
         <load_address>0x1717</load_address>
         <run_address>0x1717</run_address>
         <size>0x3a</size>
         <input_file_ref idref="fl-3f"/>
      </object_component>
      <object_component id="oc-2a1">
         <name>.debug_line</name>
         <load_address>0x1751</load_address>
         <run_address>0x1751</run_address>
         <size>0x3d</size>
         <input_file_ref idref="fl-42"/>
      </object_component>
      <object_component id="oc-208">
         <name>.debug_line</name>
         <load_address>0x178e</load_address>
         <run_address>0x178e</run_address>
         <size>0x20</size>
         <input_file_ref idref="fl-45"/>
      </object_component>
      <object_component id="oc-118">
         <name>.debug_line</name>
         <load_address>0x17ae</load_address>
         <run_address>0x17ae</run_address>
         <size>0x42</size>
         <input_file_ref idref="fl-45"/>
      </object_component>
      <object_component id="oc-105">
         <name>.debug_line</name>
         <load_address>0x17f0</load_address>
         <run_address>0x17f0</run_address>
         <size>0x40</size>
         <input_file_ref idref="fl-46"/>
      </object_component>
      <object_component id="oc-2f8">
         <name>.debug_frame</name>
         <load_address>0x0</load_address>
         <run_address>0x0</run_address>
         <size>0x3c</size>
         <input_file_ref idref="fl-2"/>
      </object_component>
      <object_component id="oc-24c">
         <name>.debug_frame</name>
         <load_address>0x3c</load_address>
         <run_address>0x3c</run_address>
         <size>0x3c</size>
         <input_file_ref idref="fl-2"/>
      </object_component>
      <object_component id="oc-27e">
         <name>.debug_frame</name>
         <load_address>0x78</load_address>
         <run_address>0x78</run_address>
         <size>0x3c</size>
         <input_file_ref idref="fl-2"/>
      </object_component>
      <object_component id="oc-2ff">
         <name>.debug_frame</name>
         <load_address>0xb4</load_address>
         <run_address>0xb4</run_address>
         <size>0x3c</size>
         <input_file_ref idref="fl-2"/>
      </object_component>
      <object_component id="oc-284">
         <name>.debug_frame</name>
         <load_address>0xf0</load_address>
         <run_address>0xf0</run_address>
         <size>0x48</size>
         <input_file_ref idref="fl-2"/>
      </object_component>
      <object_component id="oc-28d">
         <name>.debug_frame</name>
         <load_address>0x138</load_address>
         <run_address>0x138</run_address>
         <size>0x3c</size>
         <input_file_ref idref="fl-2"/>
      </object_component>
      <object_component id="oc-270">
         <name>.debug_frame</name>
         <load_address>0x174</load_address>
         <run_address>0x174</run_address>
         <size>0x3c</size>
         <input_file_ref idref="fl-3"/>
      </object_component>
      <object_component id="oc-136">
         <name>.debug_frame</name>
         <load_address>0x1b0</load_address>
         <run_address>0x1b0</run_address>
         <size>0x3c</size>
         <input_file_ref idref="fl-3"/>
      </object_component>
      <object_component id="oc-1cc">
         <name>.debug_frame</name>
         <load_address>0x1ec</load_address>
         <run_address>0x1ec</run_address>
         <size>0x3c</size>
         <input_file_ref idref="fl-3"/>
      </object_component>
      <object_component id="oc-13c">
         <name>.debug_frame</name>
         <load_address>0x228</load_address>
         <run_address>0x228</run_address>
         <size>0x64</size>
         <input_file_ref idref="fl-3"/>
      </object_component>
      <object_component id="oc-22e">
         <name>.debug_frame</name>
         <load_address>0x28c</load_address>
         <run_address>0x28c</run_address>
         <size>0x3c</size>
         <input_file_ref idref="fl-4"/>
      </object_component>
      <object_component id="oc-264">
         <name>.debug_frame</name>
         <load_address>0x2c8</load_address>
         <run_address>0x2c8</run_address>
         <size>0x3c</size>
         <input_file_ref idref="fl-5"/>
      </object_component>
      <object_component id="oc-25a">
         <name>.debug_frame</name>
         <load_address>0x304</load_address>
         <run_address>0x304</run_address>
         <size>0x3c</size>
         <input_file_ref idref="fl-5"/>
      </object_component>
      <object_component id="oc-29b">
         <name>.debug_frame</name>
         <load_address>0x340</load_address>
         <run_address>0x340</run_address>
         <size>0x40</size>
         <input_file_ref idref="fl-5"/>
      </object_component>
      <object_component id="oc-142">
         <name>.debug_frame</name>
         <load_address>0x380</load_address>
         <run_address>0x380</run_address>
         <size>0x3c</size>
         <input_file_ref idref="fl-5"/>
      </object_component>
      <object_component id="oc-20c">
         <name>.debug_frame</name>
         <load_address>0x3bc</load_address>
         <run_address>0x3bc</run_address>
         <size>0x40</size>
         <input_file_ref idref="fl-6"/>
      </object_component>
      <object_component id="oc-19b">
         <name>.debug_frame</name>
         <load_address>0x3fc</load_address>
         <run_address>0x3fc</run_address>
         <size>0x3c</size>
         <input_file_ref idref="fl-6"/>
      </object_component>
      <object_component id="oc-1ad">
         <name>.debug_frame</name>
         <load_address>0x438</load_address>
         <run_address>0x438</run_address>
         <size>0x3c</size>
         <input_file_ref idref="fl-7"/>
      </object_component>
      <object_component id="oc-1c0">
         <name>.debug_frame</name>
         <load_address>0x474</load_address>
         <run_address>0x474</run_address>
         <size>0x3c</size>
         <input_file_ref idref="fl-7"/>
      </object_component>
      <object_component id="oc-1b9">
         <name>.debug_frame</name>
         <load_address>0x4b0</load_address>
         <run_address>0x4b0</run_address>
         <size>0x3c</size>
         <input_file_ref idref="fl-7"/>
      </object_component>
      <object_component id="oc-239">
         <name>.debug_frame</name>
         <load_address>0x4ec</load_address>
         <run_address>0x4ec</run_address>
         <size>0x3c</size>
         <input_file_ref idref="fl-7"/>
      </object_component>
      <object_component id="oc-23f">
         <name>.debug_frame</name>
         <load_address>0x528</load_address>
         <run_address>0x528</run_address>
         <size>0x3c</size>
         <input_file_ref idref="fl-7"/>
      </object_component>
      <object_component id="oc-233">
         <name>.debug_frame</name>
         <load_address>0x564</load_address>
         <run_address>0x564</run_address>
         <size>0x3c</size>
         <input_file_ref idref="fl-7"/>
      </object_component>
      <object_component id="oc-293">
         <name>.debug_frame</name>
         <load_address>0x5a0</load_address>
         <run_address>0x5a0</run_address>
         <size>0x3c</size>
         <input_file_ref idref="fl-7"/>
      </object_component>
      <object_component id="oc-242">
         <name>.debug_frame</name>
         <load_address>0x5dc</load_address>
         <run_address>0x5dc</run_address>
         <size>0x3c</size>
         <input_file_ref idref="fl-7"/>
      </object_component>
      <object_component id="oc-1e5">
         <name>.debug_frame</name>
         <load_address>0x618</load_address>
         <run_address>0x618</run_address>
         <size>0x40</size>
         <input_file_ref idref="fl-8"/>
      </object_component>
      <object_component id="oc-129">
         <name>.debug_frame</name>
         <load_address>0x658</load_address>
         <run_address>0x658</run_address>
         <size>0x64</size>
         <input_file_ref idref="fl-8"/>
      </object_component>
      <object_component id="oc-24e">
         <name>.debug_frame</name>
         <load_address>0x6bc</load_address>
         <run_address>0x6bc</run_address>
         <size>0x40</size>
         <input_file_ref idref="fl-9"/>
      </object_component>
      <object_component id="oc-258">
         <name>.debug_frame</name>
         <load_address>0x6fc</load_address>
         <run_address>0x6fc</run_address>
         <size>0x3c</size>
         <input_file_ref idref="fl-9"/>
      </object_component>
      <object_component id="oc-278">
         <name>.debug_frame</name>
         <load_address>0x738</load_address>
         <run_address>0x738</run_address>
         <size>0x40</size>
         <input_file_ref idref="fl-9"/>
      </object_component>
      <object_component id="oc-267">
         <name>.debug_frame</name>
         <load_address>0x778</load_address>
         <run_address>0x778</run_address>
         <size>0x3c</size>
         <input_file_ref idref="fl-9"/>
      </object_component>
      <object_component id="oc-130">
         <name>.debug_frame</name>
         <load_address>0x7b4</load_address>
         <run_address>0x7b4</run_address>
         <size>0x3c</size>
         <input_file_ref idref="fl-9"/>
      </object_component>
      <object_component id="oc-156">
         <name>.debug_frame</name>
         <load_address>0x7f0</load_address>
         <run_address>0x7f0</run_address>
         <size>0x34</size>
         <input_file_ref idref="fl-39"/>
      </object_component>
      <object_component id="oc-2ae">
         <name>.debug_frame</name>
         <load_address>0x824</load_address>
         <run_address>0x824</run_address>
         <size>0x44</size>
         <input_file_ref idref="fl-3a"/>
      </object_component>
      <object_component id="oc-148">
         <name>.debug_frame</name>
         <load_address>0x868</load_address>
         <run_address>0x868</run_address>
         <size>0x3c</size>
         <input_file_ref idref="fl-3b"/>
      </object_component>
      <object_component id="oc-1e3">
         <name>.debug_frame</name>
         <load_address>0x8a4</load_address>
         <run_address>0x8a4</run_address>
         <size>0x3c</size>
         <input_file_ref idref="fl-3e"/>
      </object_component>
      <object_component id="oc-331">
         <name>.debug_frame</name>
         <load_address>0x8e0</load_address>
         <run_address>0x8e0</run_address>
         <size>0x3c</size>
         <input_file_ref idref="fl-3f"/>
      </object_component>
      <object_component id="oc-2a2">
         <name>.debug_frame</name>
         <load_address>0x91c</load_address>
         <run_address>0x91c</run_address>
         <size>0x3c</size>
         <input_file_ref idref="fl-42"/>
      </object_component>
      <object_component id="oc-117">
         <name>.debug_frame</name>
         <load_address>0x958</load_address>
         <run_address>0x958</run_address>
         <size>0x3c</size>
         <input_file_ref idref="fl-45"/>
      </object_component>
      <object_component id="oc-310">
         <name>.debug_abbrev</name>
         <load_address>0x0</load_address>
         <run_address>0x0</run_address>
         <size>0x92</size>
         <input_file_ref idref="fl-2"/>
      </object_component>
      <object_component id="oc-34f">
         <name>.debug_abbrev</name>
         <load_address>0x92</load_address>
         <run_address>0x92</run_address>
         <size>0x6c</size>
         <input_file_ref idref="fl-2"/>
      </object_component>
      <object_component id="oc-2e9">
         <name>.debug_abbrev</name>
         <load_address>0xfe</load_address>
         <run_address>0xfe</run_address>
         <size>0x60</size>
         <input_file_ref idref="fl-2"/>
      </object_component>
      <object_component id="oc-2f9">
         <name>.debug_abbrev</name>
         <load_address>0x15e</load_address>
         <run_address>0x15e</run_address>
         <size>0x5e</size>
         <input_file_ref idref="fl-2"/>
      </object_component>
      <object_component id="oc-350">
         <name>.debug_abbrev</name>
         <load_address>0x1bc</load_address>
         <run_address>0x1bc</run_address>
         <size>0x60</size>
         <input_file_ref idref="fl-2"/>
      </object_component>
      <object_component id="oc-30f">
         <name>.debug_abbrev</name>
         <load_address>0x21c</load_address>
         <run_address>0x21c</run_address>
         <size>0x6e</size>
         <input_file_ref idref="fl-2"/>
      </object_component>
      <object_component id="oc-315">
         <name>.debug_abbrev</name>
         <load_address>0x28a</load_address>
         <run_address>0x28a</run_address>
         <size>0x7a</size>
         <input_file_ref idref="fl-2"/>
      </object_component>
      <object_component id="oc-110">
         <name>.debug_abbrev</name>
         <load_address>0x304</load_address>
         <run_address>0x304</run_address>
         <size>0x1f</size>
         <input_file_ref idref="fl-2"/>
      </object_component>
      <object_component id="oc-2e1">
         <name>.debug_abbrev</name>
         <load_address>0x323</load_address>
         <run_address>0x323</run_address>
         <size>0x67</size>
         <input_file_ref idref="fl-3"/>
      </object_component>
      <object_component id="oc-2f0">
         <name>.debug_abbrev</name>
         <load_address>0x38a</load_address>
         <run_address>0x38a</run_address>
         <size>0x50</size>
         <input_file_ref idref="fl-3"/>
      </object_component>
      <object_component id="oc-1ca">
         <name>.debug_abbrev</name>
         <load_address>0x3da</load_address>
         <run_address>0x3da</run_address>
         <size>0x53</size>
         <input_file_ref idref="fl-3"/>
      </object_component>
      <object_component id="oc-223">
         <name>.debug_abbrev</name>
[...]
         <name>ADC12MEM0</name>
         <value>0x140</value>
      </symbol>
      <symbol id="sm-75">
         <name>ADC12MEM1</name>
         <value>0x142</value>
      </symbol>
      <symbol id="sm-76">
         <name>ADC12MEM2</name>
         <value>0x144</value>
      </symbol>
      <symbol id="sm-77">
         <name>ADC12MEM3</name>
         <value>0x146</value>
      </symbol>
      <symbol id="sm-78">
         <name>ADC12MEM4</name>
         <value>0x148</value>
      </symbol>
      <symbol id="sm-79">
         <name>ADC12MEM5</name>
         <value>0x14a</value>
      </symbol>
      <symbol id="sm-7a">
         <name>ADC12MEM6</name>
         <value>0x14c</value>
      </symbol>
      <symbol id="sm-7b">
         <name>ADC12MEM7</name>
         <value>0x14e</value>
      </symbol>
      <symbol id="sm-7c">
         <name>ADC12MEM8</name>
         <value>0x150</value>
      </symbol>
      <symbol id="sm-7d">
         <name>ADC12MEM9</name>
         <value>0x152</value>
      </symbol>
      <symbol id="sm-7e">
         <name>ADC12MEM10</name>
         <value>0x154</value>
      </symbol>
      <symbol id="sm-7f">
         <name>ADC12MEM11</name>
         <value>0x156</value>
      </symbol>
      <symbol id="sm-80">
         <name>ADC12MEM12</name>
         <value>0x158</value>
      </symbol>
      <symbol id="sm-81">
         <name>ADC12MEM13</name>
         <value>0x15a</value>
      </symbol>
      <symbol id="sm-82">
         <name>ADC12MEM14</name>
         <value>0x15c</value>
      </symbol>
      <symbol id="sm-83">
         <name>ADC12MEM15</name>
         <value>0x15e</value>
      </symbol>
      <symbol id="sm-84">
         <name>ADC12MCTL0</name>
         <value>0x80</value>
      </symbol>
      <symbol id="sm-85">
         <name>ADC12MCTL1</name>
         <value>0x81</value>
      </symbol>
      <symbol id="sm-86">
         <name>ADC12MCTL2</name>
         <value>0x82</value>
      </symbol>
      <symbol id="sm-87">
         <name>ADC12MCTL3</name>
         <value>0x83</value>
      </symbol>
      <symbol id="sm-88">
         <name>ADC12MCTL4</name>
         <value>0x84</value>
      </symbol>
      <symbol id="sm-89">
         <name>ADC12MCTL5</name>
         <value>0x85</value>
      </symbol>
      <symbol id="sm-8a">
         <name>ADC12MCTL6</name>
         <value>0x86</value>
      </symbol>
      <symbol id="sm-8b">
         <name>ADC12MCTL7</name>
         <value>0x87</value>
      </symbol>
      <symbol id="sm-8c">
         <name>ADC12MCTL8</name>
         <value>0x88</value>
      </symbol>
      <symbol id="sm-8d">
         <name>ADC12MCTL9</name>
         <value>0x89</value>
      </symbol>
      <symbol id="sm-8e">
         <name>ADC12MCTL10</name>
         <value>0x8a</value>
      </symbol>
      <symbol id="sm-8f">
         <name>ADC12MCTL11</name>
         <value>0x8b</value>
      </symbol>
      <symbol id="sm-90">
         <name>ADC12MCTL12</name>
         <value>0x8c</value>
      </symbol>
      <symbol id="sm-91">
         <name>ADC12MCTL13</name>
         <value>0x8d</value>
      </symbol>
      <symbol id="sm-92">
         <name>ADC12MCTL14</name>
         <value>0x8e</value>
      </symbol>
      <symbol id="sm-93">
         <name>ADC12MCTL15</name>
         <value>0x8f</value>
      </symbol>
      <symbol id="sm-94">
         <name>DAC12_0CTL</name>
         <value>0x1c0</value>
      </symbol>
      <symbol id="sm-95">
         <name>DAC12_1CTL</name>
         <value>0x1c2</value>
      </symbol>
      <symbol id="sm-96">
         <name>DAC12_0DAT</name>
         <value>0x1c8</value>
      </symbol>
      <symbol id="sm-97">
         <name>DAC12_1DAT</name>
         <value>0x1ca</value>
      </symbol>
      <symbol id="sm-98">
         <name>DMACTL0</name>
         <value>0x122</value>
      </symbol>
      <symbol id="sm-99">
         <name>DMACTL1</name>
         <value>0x124</value>
      </symbol>
      <symbol id="sm-9a">
         <name>DMA0CTL</name>
         <value>0x1e0</value>
      </symbol>
      <symbol id="sm-9b">
         <name>DMA1CTL</name>
         <value>0x1e8</value>
      </symbol>
      <symbol id="sm-9c">
         <name>DMA2CTL</name>
         <value>0x1f0</value>
      </symbol>
      <symbol id="sm-9d">
         <name>DMA0SA</name>
         <value>0x1e2</value>
      </symbol>
      <symbol id="sm-9e">
         <name>DMA0DA</name>
         <value>0x1e4</value>
      </symbol>
      <symbol id="sm-9f">
         <name>DMA0SZ</name>
         <value>0x1e6</value>
      </symbol>
      <symbol id="sm-a0">
         <name>DMA1SA</name>
         <value>0x1ea</value>
      </symbol>
      <symbol id="sm-a1">
         <name>DMA1DA</name>
         <value>0x1ec</value>
      </symbol>
      <symbol id="sm-a2">
         <name>DMA1SZ</name>
         <value>0x1ee</value>
      </symbol>
      <symbol id="sm-a3">
         <name>DMA2SA</name>
         <value>0x1f2</value>
      </symbol>
      <symbol id="sm-a4">
         <name>DMA2DA</name>
         <value>0x1f4</value>
      </symbol>
      <symbol id="sm-a5">
         <name>DMA2SZ</name>
         <value>0x1f6</value>
      </symbol>
      <symbol id="sm-a6">
         <name>__TI_CINIT_Base</name>
         <value>0x262c</value>
      </symbol>
      <symbol id="sm-a7">
         <name>__TI_CINIT_Limit</name>
         <value>0x2630</value>
      </symbol>
      <symbol id="sm-a8">
         <name>__TI_Handler_Table_Base</name>
         <value>0x262a</value>
      </symbol>
      <symbol id="sm-a9">
         <name>__TI_Handler_Table_Limit</name>
         <value>0x262c</value>
      </symbol>
      <symbol id="sm-aa">
         <name>__STACK_SIZE</name>
         <value>0x50</value>
      </symbol>
      <symbol id="sm-ab">
         <name>__STACK_END</name>
         <value>0xa00</value>
      </symbol>
      <symbol id="sm-ac">
         <name>__c_args__</name>
         <value>0xffffffff</value>
      </symbol>
      <symbol id="sm-ad">
         <name>__TI_pprof_out_hndl</name>
         <value>0xffffffff</value>
      </symbol>
      <symbol id="sm-ae">
         <name>__TI_prof_data_start</name>
         <value>0xffffffff</value>
      </symbol>
      <symbol id="sm-af">
         <name>__TI_prof_data_size</name>
         <value>0xffffffff</value>
      </symbol>
      <symbol id="sm-11f">
         <name>A1</name>
         <value>0x20a</value>
      </symbol>
      <symbol id="sm-120">
         <name>A2</name>
         <value>0x20b</value>
      </symbol>
      <symbol id="sm-121">
         <name>A3</name>
         <value>0x20c</value>
      </symbol>
      <symbol id="sm-122">
         <name>Temp_Value</name>
         <value>0x200</value>
      </symbol>
      <symbol id="sm-123">
         <name>temp_value</name>
         <value>0x208</value>
      </symbol>
      <symbol id="sm-124">
         <name>ds1820_read_temp</name>
         <value>0x2066</value>
         <object_component_ref idref="oc-27f"/>
      </symbol>
      <symbol id="sm-125">
         <name>data_do</name>
         <value>0x2004</value>
         <object_component_ref idref="oc-288"/>
      </symbol>
      <symbol id="sm-126">
         <name>DS18B20_Reset</name>
         <value>0x217e</value>
         <object_component_ref idref="oc-247"/>
      </symbol>
      <symbol id="sm-127">
         <name>ds1820_start</name>
         <value>0x24e6</value>
         <object_component_ref idref="oc-279"/>
      </symbol>
      <symbol id="sm-128">
         <name>ds1820_write_byte</name>
         <value>0x22f0</value>
         <object_component_ref idref="oc-2f3"/>
      </symbol>
      <symbol id="sm-129">
         <name>ds1820_read_byte</name>
         <value>0x20c8</value>
         <object_component_ref idref="oc-2fa"/>
      </symbol>
      <symbol id="sm-156">
         <name>keyvalue</name>
         <value>0x216</value>
      </symbol>
      <symbol id="sm-157">
         <name>__TI_int08</name>
         <value>0xfff0</value>
         <object_component_ref idref="oc-47"/>
      </symbol>
      <symbol id="sm-158">
         <name>__TI_int09</name>
         <value>0xfff2</value>
         <object_component_ref idref="oc-48"/>
      </symbol>
      <symbol id="sm-159">
         <name>UART0_RX_ISR</name>
         <value>0x2494</value>
         <object_component_ref idref="oc-137"/>
      </symbol>
      <symbol id="sm-15a">
         <name>UART0_TX_ISR</name>
         <value>0x25bc</value>
         <object_component_ref idref="oc-131"/>
      </symbol>
      <symbol id="sm-15b">
         <name>UART_Init</name>
         <value>0x2218</value>
         <object_component_ref idref="oc-26b"/>
      </symbol>
      <symbol id="sm-15c">
         <name>Send_Byte</name>
         <value>0x1f9e</value>
         <object_component_ref idref="oc-1cb"/>
      </symbol>
      <symbol id="sm-168">
         <name>init_clk</name>
         <value>0x2376</value>
         <object_component_ref idref="oc-229"/>
      </symbol>
      <symbol id="sm-1a0">
         <name>speed</name>
         <value>0x21c</value>
      </symbol>
      <symbol id="sm-1a1">
         <name>bb</name>
         <value>0x20e</value>
      </symbol>
      <symbol id="sm-1a2">
         <name>j</name>
         <value>0x206</value>
      </symbol>
      <symbol id="sm-1a3">
         <name>ele_init</name>
         <value>0x2582</value>
         <object_component_ref idref="oc-259"/>
      </symbol>
      <symbol id="sm-1a4">
         <name>__TI_int13</name>
         <value>0xfffa</value>
         <object_component_ref idref="oc-4c"/>
      </symbol>
      <symbol id="sm-1a5">
         <name>timer_B_init</name>
         <value>0x2590</value>
         <object_component_ref idref="oc-25f"/>
      </symbol>
      <symbol id="sm-1a6">
         <name>choosespeed</name>
         <value>0x1626</value>
         <object_component_ref idref="oc-296"/>
      </symbol>
      <symbol id="sm-1a7">
         <name>Timer_B</name>
         <value>0x25ac</value>
         <object_component_ref idref="oc-13d"/>
      </symbol>
      <symbol id="sm-1ca">
         <name>key_Pressed</name>
         <value>0x214</value>
      </symbol>
      <symbol id="sm-1cb">
         <name>key_val</name>
         <value>0x215</value>
      </symbol>
      <symbol id="sm-1cc">
         <name>key_Flag</name>
         <value>0x213</value>
      </symbol>
      <symbol id="sm-1cd">
         <name>Key_Event</name>
         <value>0x2262</value>
         <object_component_ref idref="oc-199"/>
      </symbol>
      <symbol id="sm-1ce">
         <name>Check_Key</name>
         <value>0x1f2c</value>
         <object_component_ref idref="oc-20a"/>
      </symbol>
      <symbol id="sm-21e">
         <name>LCD_write_data</name>
         <value>0x2426</value>
         <object_component_ref idref="oc-1b5"/>
      </symbol>
      <symbol id="sm-21f">
         <name>LCD_write_com</name>
         <value>0x23fc</value>
         <object_component_ref idref="oc-1a9"/>
      </symbol>
      <symbol id="sm-220">
         <name>lcd_pos</name>
         <value>0x21cc</value>
         <object_component_ref idref="oc-1bb"/>
      </symbol>
      <symbol id="sm-221">
         <name>DisplayCgrom</name>
         <value>0x23a4</value>
         <object_component_ref idref="oc-28f"/>
      </symbol>
      <symbol id="sm-222">
         <name>LCD_Desk</name>
         <value>0x2474</value>
         <object_component_ref idref="oc-241"/>
      </symbol>
      <symbol id="sm-223">
         <name>LCD_Port_init</name>
         <value>0x24ce</value>
         <object_component_ref idref="oc-22f"/>
      </symbol>
      <symbol id="sm-224">
         <name>LCD_init</name>
         <value>0x2126</value>
         <object_component_ref idref="oc-235"/>
      </symbol>
      <symbol id="sm-225">
         <name>LCD_clear</name>
         <value>0x2512</value>
         <object_component_ref idref="oc-23b"/>
      </symbol>
      <symbol id="sm-27c">
         <name>sec</name>
         <value>0x21a</value>
      </symbol>
      <symbol id="sm-27d">
         <name>min</name>
         <value>0x217</value>
      </symbol>
      <symbol id="sm-27e">
         <name>hour</name>
         <value>0x211</value>
      </symbol>
      <symbol id="sm-27f">
         <name>year</name>
         <value>0x21d</value>
      </symbol>
      <symbol id="sm-280">
         <name>month</name>
         <value>0x219</value>
      </symbol>
      <symbol id="sm-281">
         <name>day</name>
         <value>0x210</value>
      </symbol>
      <symbol id="sm-282">
         <name>sec1</name>
         <value>0x21b</value>
      </symbol>
      <symbol id="sm-283">
         <name>min1</name>
         <value>0x218</value>
      </symbol>
      <symbol id="sm-284">
         <name>hour1</name>
         <value>0x212</value>
      </symbol>
      <symbol id="sm-285">
         <name>cflag</name>
         <value>0x20f</value>
      </symbol>
      <symbol id="sm-286">
         <name>PP</name>
         <value>0x20d</value>
      </symbol>
      <symbol id="sm-287">
         <name>__TI_int04</name>
         <value>0xffe8</value>
         <object_component_ref idref="oc-43"/>
      </symbol>
      <symbol id="sm-288">
         <name>PORT1_ISR</name>
         <value>0x1100</value>
         <object_component_ref idref="oc-125"/>
      </symbol>
      <symbol id="sm-289">
         <name>main</name>
         <value>0x1bd8</value>
         <object_component_ref idref="oc-1e4"/>
      </symbol>
      <symbol id="sm-2c3">
         <name>__TI_int06</name>
         <value>0xffec</value>
         <object_component_ref idref="oc-45"/>
      </symbol>
      <symbol id="sm-2c4">
         <name>timer_A_init</name>
         <value>0x253a</value>
         <object_component_ref idref="oc-253"/>
      </symbol>
      <symbol id="sm-2c5">
         <name>init_port1</name>
         <value>0x254e</value>
         <object_component_ref idref="oc-265"/>
      </symbol>
      <symbol id="sm-2c6">
         <name>stopwatch</name>
         <value>0x1956</value>
         <object_component_ref idref="oc-273"/>
      </symbol>
      <symbol id="sm-2c7">
         <name>xianshi</name>
         <value>0x1ea4</value>
         <object_component_ref idref="oc-24d"/>
      </symbol>
      <symbol id="sm-2c8">
         <name>Timer_A</name>
         <value>0x25a6</value>
         <object_component_ref idref="oc-12b"/>
      </symbol>
      <symbol id="sm-2d4">
         <name>__mspabi_remi</name>
         <value>0x23d0</value>
         <object_component_ref idref="oc-1b0"/>
      </symbol>
      <symbol id="sm-2d5">
         <name>__mspabi_divi</name>
         <value>0x23d0</value>
         <object_component_ref idref="oc-1b0"/>
      </symbol>
      <symbol id="sm-2df">
         <name>__mspabi_remu</name>
         <value>0x24fc</value>
         <object_component_ref idref="oc-218"/>
      </symbol>
      <symbol id="sm-2e0">
         <name>__mspabi_divu</name>
         <value>0x24fc</value>
         <object_component_ref idref="oc-218"/>
      </symbol>
      <symbol id="sm-2f7">
         <name>__mspabi_mpyf</name>
         <value>0x1de0</value>
         <object_component_ref idref="oc-305"/>
      </symbol>
      <symbol id="sm-306">
         <name>__mspabi_fixfu</name>
         <value>0x22aa</value>
         <object_component_ref idref="oc-30a"/>
      </symbol>
      <symbol id="sm-311">
         <name>__mspabi_fltuf</name>
         <value>0x2450</value>
         <object_component_ref idref="oc-300"/>
      </symbol>
      <symbol id="sm-314">
         <name>__TI_int00</name>
         <value>0xffe0</value>
         <object_component_ref idref="oc-3f"/>
      </symbol>
      <symbol id="sm-317">
         <name>__TI_int01</name>
         <value>0xffe2</value>
         <object_component_ref idref="oc-40"/>
      </symbol>
      <symbol id="sm-31a">
         <name>__TI_int02</name>
         <value>0xffe4</value>
         <object_component_ref idref="oc-41"/>
      </symbol>
      <symbol id="sm-31d">
         <name>__TI_int03</name>
         <value>0xffe6</value>
         <object_component_ref idref="oc-42"/>
      </symbol>
      <symbol id="sm-320">
         <name>__TI_int05</name>
         <value>0xffea</value>
         <object_component_ref idref="oc-44"/>
      </symbol>
      <symbol id="sm-323">
         <name>__TI_int07</name>
         <value>0xffee</value>
         <object_component_ref idref="oc-46"/>
      </symbol>
      <symbol id="sm-326">
         <name>__TI_int10</name>
         <value>0xfff4</value>
         <object_component_ref idref="oc-49"/>
      </symbol>
      <symbol id="sm-329">
         <name>__TI_int11</name>
         <value>0xfff6</value>
         <object_component_ref idref="oc-4a"/>
      </symbol>
      <symbol id="sm-32c">
         <name>__TI_int12</name>
         <value>0xfff8</value>
         <object_component_ref idref="oc-4b"/>
      </symbol>
      <symbol id="sm-32f">
         <name>__TI_int14</name>
         <value>0xfffc</value>
         <object_component_ref idref="oc-4d"/>
      </symbol>
      <symbol id="sm-337">
         <name>__TI_ISR_TRAP</name>
         <value>0x259e</value>
         <object_component_ref idref="oc-120"/>
      </symbol>
      <symbol id="sm-34c">
         <name>_stack</name>
         <value>0x9b0</value>
         <object_component_ref idref="oc-f5"/>
      </symbol>
      <symbol id="sm-34d">
         <name>_c_int00_noargs</name>
         <value>0x24b2</value>
         <object_component_ref idref="oc-155"/>
      </symbol>
      <symbol id="sm-34e">
         <name>_reset_vector</name>
         <value>0xfffe</value>
         <object_component_ref idref="oc-f8"/>
      </symbol>
      <symbol id="sm-370">
         <name>__TI_auto_init_nobinit_nopinit</name>
         <value>0x2334</value>
         <object_component_ref idref="oc-2a9"/>
      </symbol>
      <symbol id="sm-388">
         <name>__TI_zero_init_nomemset</name>
         <value>0x2526</value>
         <object_component_ref idref="oc-143"/>
      </symbol>
      <symbol id="sm-393">
         <name>_system_pre_init</name>
         <value>0x25b8</value>
         <object_component_ref idref="oc-1de"/>
      </symbol>
      <symbol id="sm-39c">
         <name>_system_post_cinit</name>
         <value>0x25be</value>
         <object_component_ref idref="oc-32c"/>
      </symbol>
      <symbol id="sm-3a8">
         <name>C$$EXIT</name>
         <value>0x25b2</value>
         <object_component_ref idref="oc-29d"/>
      </symbol>
      <symbol id="sm-3a9">
         <name>abort</name>
         <value>0x25b2</value>
         <object_component_ref idref="oc-29d"/>
      </symbol>
      <symbol id="sm-3b9">
         <name>memcpy</name>
         <value>0x2560</value>
         <object_component_ref idref="oc-113"/>
      </symbol>
      <symbol id="sm-3c2">
         <name>__mspabi_func_epilog_2</name>
         <value>0x257c</value>
         <object_component_ref idref="oc-103"/>
      </symbol>
      <symbol id="sm-3c3">
         <name>__mspabi_func_epilog_3</name>
         <value>0x257a</value>
         <object_component_ref idref="oc-103"/>
      </symbol>
      <symbol id="sm-3c4">
         <name>__mspabi_func_epilog_1</name>
         <value>0x257e</value>
         <object_component_ref idref="oc-103"/>
      </symbol>
      <symbol id="sm-3c5">
         <name>__mspabi_func_epilog_6</name>
         <value>0x2574</value>
         <object_component_ref idref="oc-103"/>
      </symbol>
      <symbol id="sm-3c6">
         <name>__mspabi_func_epilog_7</name>
         <value>0x2572</value>
         <object_component_ref idref="oc-103"/>
      </symbol>
      <symbol id="sm-3c7">
         <name>__mspabi_func_epilog_4</name>
         <value>0x2578</value>
         <object_component_ref idref="oc-103"/>
      </symbol>
      <symbol id="sm-3c8">
         <name>__mspabi_func_epilog_5</name>
         <value>0x2576</value>
         <object_component_ref idref="oc-103"/>
      </symbol>
   </symbol_table>
   <title>Link successful</title>
</link_info>
