******************************************************************************
                  MSP430 Linker PC v18.1.2                     
******************************************************************************
>> Linked Thu Dec  6 12:45:41 2018

OUTPUT FILE NAME:   <project.out>
ENTRY POINT SYMBOL: "_c_int00_noargs"  address: 000024b2


MEMORY CONFIGURATION

         name            origin    length      used     unused   attr    fill
----------------------  --------  ---------  --------  --------  ----  --------
  SFR                   00000000   00000010  00000000  00000010  RWIX
  PERIPHERALS_8BIT      00000010   000000f0  00000000  000000f0  RWIX
  PERIPHERALS_16BIT     00000100   00000100  00000000  00000100  RWIX
  RAM                   00000200   00000800  0000006e  00000792  RWIX
  INFOB                 00001000   00000080  00000000  00000080  RWIX
  INFOA                 00001080   00000080  00000000  00000080  RWIX
  FLASH                 00001100   0000eee0  00001530  0000d9b0  RWIX
  INT00                 0000ffe0   00000002  00000002  00000000  RWIX
  INT01                 0000ffe2   00000002  00000002  00000000  RWIX
  INT02                 0000ffe4   00000002  00000002  00000000  RWIX
  INT03                 0000ffe6   00000002  00000002  00000000  RWIX
  INT04                 0000ffe8   00000002  00000002  00000000  RWIX
  INT05                 0000ffea   00000002  00000002  00000000  RWIX
  INT06                 0000ffec   00000002  00000002  00000000  RWIX
  INT07                 0000ffee   00000002  00000002  00000000  RWIX
  INT08                 0000fff0   00000002  00000002  00000000  RWIX
  INT09                 0000fff2   00000002  00000002  00000000  RWIX
  INT10                 0000fff4   00000002  00000002  00000000  RWIX
  INT11                 0000fff6   00000002  00000002  00000000  RWIX
  INT12                 0000fff8   00000002  00000002  00000000  RWIX
  INT13                 0000fffa   00000002  00000002  00000000  RWIX
  INT14                 0000fffc   00000002  00000002  00000000  RWIX
  RESET                 0000fffe   00000002  00000002  00000000  RWIX


SECTION ALLOCATION MAP

 output                                  attributes/
section   page    origin      length       input sections
--------  ----  ----------  ----------   ----------------
.bss       0    00000200    0000001e     UNINITIALIZED
                  00000200    00000006     (.common:Temp_Value)
                  00000206    00000002     (.common:j)
                  00000208    00000002     (.common:temp_value)
                  0000020a    00000001     (.common:A1)
                  0000020b    00000001     (.common:A2)
                  0000020c    00000001     (.common:A3)
                  0000020d    00000001     (.common:PP)
                  0000020e    00000001     (.common:bb)
                  0000020f    00000001     (.common:cflag)
                  00000210    00000001     (.common:day)
                  00000211    00000001     (.common:hour)
                  00000212    00000001     (.common:hour1)
                  00000213    00000001     (.common:key_Flag)
                  00000214    00000001     (.common:key_Pressed)
                  00000215    00000001     (.common:key_val)
                  00000216    00000001     (.common:keyvalue)
                  00000217    00000001     (.common:min)
                  00000218    00000001     (.common:min1)
                  00000219    00000001     (.common:month)
                  0000021a    00000001     (.common:sec)
                  0000021b    00000001     (.common:sec1)
                  0000021c    00000001     (.common:speed)
                  0000021d    00000001     (.common:year)

.stack     0    000009b0    00000050     UNINITIALIZED
                  000009b0    00000002     rts430_eabi.lib : boot.c.obj (.stack)
                  000009b2    0000004e     --HOLE--

.text      0    00001100    000014c0     
                  00001100    00000526     main.obj (.text:PORT1_ISR)
                  00001626    00000330     electrical.obj (.text:choosespeed)
                  00001956    00000282     miaobiao.obj (.text:stopwatch)
                  00001bd8    00000208     main.obj (.text:main)
                  00001de0    000000c4     rts430_eabi.lib : fs_mpy.asm.obj (.text)
                  00001ea4    00000088     miaobiao.obj (.text:xianshi)
                  00001f2c    00000072     keypd.obj (.text:Check_Key)
                  00001f9e    00000066     UART.obj (.text:Send_Byte)
                  00002004    00000062     DS18B20.obj (.text:data_do)
                  00002066    00000062     DS18B20.obj (.text:ds1820_read_temp)
                  000020c8    0000005e     DS18B20.obj (.text:ds1820_read_byte)
                  00002126    00000058     lcd12864.obj (.text:LCD_init)
                  0000217e    0000004e     DS18B20.obj (.text:DS18B20_Reset)
                  000021cc    0000004c     lcd12864.obj (.text:lcd_pos)
                  00002218    0000004a     UART.obj (.text:UART_Init)
                  00002262    00000048     keypd.obj (.text:Key_Event)
                  000022aa    00000046     rts430_eabi.lib : fs_tou.asm.obj (.text)
                  000022f0    00000044     DS18B20.obj (.text:ds1820_write_byte)
                  00002334    00000042     rts430_eabi.lib : autoinit.c.obj (.text:__TI_auto_init_nobinit_nopinit:__TI_auto_init_nobinit_nopinit)
                  00002376    0000002e     clock.obj (.text:init_clk)
                  000023a4    0000002c     lcd12864.obj (.text:DisplayCgrom)
                  000023d0    0000002c     rts430_eabi.lib : div16s.asm.obj (.text)
                  000023fc    0000002a     lcd12864.obj (.text:LCD_write_com)
                  00002426    0000002a     lcd12864.obj (.text:LCD_write_data)
                  00002450    00000024     rts430_eabi.lib : fs_utof.asm.obj (.text)
                  00002474    00000020     lcd12864.obj (.text:LCD_Desk)
                  00002494    0000001e     UART.obj (.text:UART0_RX_ISR)
                  000024b2    0000001c     rts430_eabi.lib : boot.c.obj (.text:_c_int00_noargs)
                  000024ce    00000018     lcd12864.obj (.text:LCD_Port_init)
                  000024e6    00000016     DS18B20.obj (.text:ds1820_start)
                  000024fc    00000016     rts430_eabi.lib : div16u.asm.obj (.text)
                  00002512    00000014     lcd12864.obj (.text:LCD_clear)
                  00002526    00000014     rts430_eabi.lib : copy_zero_init.c.obj (.text:decompress:ZI:__TI_zero_init_nomemset:__TI_zero_init_nomemset)
                  0000253a    00000014     miaobiao.obj (.text:timer_A_init)
                  0000254e    00000012     miaobiao.obj (.text:init_port1)
                  00002560    00000012     rts430_eabi.lib : memcpy.c.obj (.text:memcpy)
                  00002572    00000010                     : epilog.asm.obj (.text)
                  00002582    0000000e     electrical.obj (.text:ele_init)
                  00002590    0000000e     electrical.obj (.text:timer_B_init)
                  0000259e    00000008     rts430_eabi.lib : isr_trap.asm.obj (.text:_isr:__TI_ISR_TRAP)
                  000025a6    00000006     miaobiao.obj (.text:Timer_A)
                  000025ac    00000006     electrical.obj (.text:Timer_B)
                  000025b2    00000006     rts430_eabi.lib : exit.c.obj (.text:abort)
                  000025b8    00000004                     : pre_init.c.obj (.text:_system_pre_init)
                  000025bc    00000002     UART.obj (.text:UART0_TX_ISR)
                  000025be    00000002     rts430_eabi.lib : startup.c.obj (.text:_system_post_cinit)

.const     0    000025c0    00000066     
                  000025c0    00000036     electrical.obj (.const:.string)
                  000025f6    00000010     keypd.obj (.const:.string:$P$T0$1)
                  00002606    00000010     miaobiao.obj (.const:.string)
                  00002616    00000008     lcd12864.obj (.const:.string)
                  0000261e    00000008     main.obj (.const:.string)

.cinit     0    00002626    0000000a     
                  00002626    00000004     (.cinit..bss.load) [load image, compression = zero_init]
                  0000262a    00000002     (__TI_handler_table)
                  0000262c    00000004     (__TI_cinit_table)

.binit     0    00001100    00000000     

.init_array 
*          0    00001100    00000000     UNINITIALIZED

DACDMA     0    0000ffe0    00000002     
                  0000ffe0    00000002     rts430_eabi.lib : int00.asm.obj (.int00)

PORT2      0    0000ffe2    00000002     
                  0000ffe2    00000002     rts430_eabi.lib : int01.asm.obj (.int01)

USART1TX   0    0000ffe4    00000002     
                  0000ffe4    00000002     rts430_eabi.lib : int02.asm.obj (.int02)

USART1RX   0    0000ffe6    00000002     
                  0000ffe6    00000002     rts430_eabi.lib : int03.asm.obj (.int03)

PORT1      0    0000ffe8    00000002     
                  0000ffe8    00000002     main.obj (.int04)

TIMERA1    0    0000ffea    00000002     
                  0000ffea    00000002     rts430_eabi.lib : int05.asm.obj (.int05)

TIMERA0    0    0000ffec    00000002     
                  0000ffec    00000002     miaobiao.obj (.int06)

ADC12      0    0000ffee    00000002     
                  0000ffee    00000002     rts430_eabi.lib : int07.asm.obj (.int07)

USART0TX   0    0000fff0    00000002     
                  0000fff0    00000002     UART.obj (.int08)

USART0RX   0    0000fff2    00000002     
                  0000fff2    00000002     UART.obj (.int09)

WDT        0    0000fff4    00000002     
                  0000fff4    00000002     rts430_eabi.lib : int10.asm.obj (.int10)

COMPARATORA 
*          0    0000fff6    00000002     
                  0000fff6    00000002     rts430_eabi.lib : int11.asm.obj (.int11)

TIMERB1    0    0000fff8    00000002     
                  0000fff8    00000002     rts430_eabi.lib : int12.asm.obj (.int12)

TIMERB0    0    0000fffa    00000002     
                  0000fffa    00000002     electrical.obj (.int13)

NMI        0    0000fffc    00000002     
                  0000fffc    00000002     rts430_eabi.lib : int14.asm.obj (.int14)

.reset     0    0000fffe    00000002     
                  0000fffe    00000002     rts430_eabi.lib : boot.c.obj (.reset)

MODULE SUMMARY

       Module                 code   ro data   rw data
       ------                 ----   -------   -------
    .\
       main.obj               1838   10        11     
       electrical.obj         850    56        4      
       miaobiao.obj           822    18        0      
       DS18B20.obj            458    0         11     
       lcd12864.obj           368    8         0      
       UART.obj               208    4         1      
       keypd.obj              186    16        3      
       clock.obj              46     0         0      
    +--+----------------------+------+---------+---------+
       Total:                 4776   112       30     
                                                      
    C:\ti\ccsv8\tools\compiler\ti-cgt-msp430_18.1.2.LTS\lib\rts430_eabi.lib
       fs_mpy.asm.obj         196    0         0      
       fs_tou.asm.obj         70     0         0      
       autoinit.c.obj         66     0         0      
       div16s.asm.obj         44     0         0      
       fs_utof.asm.obj        36     0         0      
       boot.c.obj             28     2         0      
       div16u.asm.obj         22     0         0      
       copy_zero_init.c.obj   20     0         0      
       memcpy.c.obj           18     0         0      
       epilog.asm.obj         16     0         0      
       isr_trap.asm.obj       8      0         0      
       exit.c.obj             6      0         0      
       pre_init.c.obj         4      0         0      
       int00.asm.obj          0      2         0      
       int01.asm.obj          0      2         0      
       int02.asm.obj          0      2         0      
       int03.asm.obj          0      2         0      
       int05.asm.obj          0      2         0      
       int07.asm.obj          0      2         0      
       int10.asm.obj          0      2         0      
       int11.asm.obj          0      2         0      
       int12.asm.obj          0      2         0      
       int14.asm.obj          0      2         0      
       startup.c.obj          2      0         0      
    +--+----------------------+------+---------+---------+
       Total:                 536    22        0      
                                                      
       Stack:                 0      0         80     
       Linker Generated:      0      10        0      
    +--+----------------------+------+---------+---------+
       Grand Total:           5312   144       110    


LINKER GENERATED COPY TABLES

__TI_cinit_table @ 0000262c records: 1, size/record: 4, table size: 4
	.bss: load addr=00002626, load size=00000004 bytes, run addr=00000200, run size=0000001e bytes, compression=zero_init


LINKER GENERATED HANDLER TABLE

__TI_handler_table @ 0000262a records: 1, size/record: 2, table size: 2
	index: 0, handler: __TI_zero_init


GLOBAL SYMBOLS: SORTED ALPHABETICALLY BY Name 

address   name                          
-------   ----                          
0000020a  A1                            
0000020b  A2                            
0000020c  A3                            
000001a0  ADC12CTL0                     
000001a2  ADC12CTL1                     
000001a6  ADC12IE                       
000001a4  ADC12IFG                      
000001a8  ADC12IV                       
00000080  ADC12MCTL0                    
00000081  ADC12MCTL1                    
0000008a  ADC12MCTL10                   
0000008b  ADC12MCTL11                   
0000008c  ADC12MCTL12                   
0000008d  ADC12MCTL13                   
0000008e  ADC12MCTL14                   
0000008f  ADC12MCTL15                   
00000082  ADC12MCTL2                    
00000083  ADC12MCTL3                    
00000084  ADC12MCTL4                    
00000085  ADC12MCTL5                    
00000086  ADC12MCTL6                    
00000087  ADC12MCTL7                    
00000088  ADC12MCTL8                    
00000089  ADC12MCTL9                    
00000140  ADC12MEM0                     
00000142  ADC12MEM1                     
00000154  ADC12MEM10                    
00000156  ADC12MEM11                    
00000158  ADC12MEM12                    
0000015a  ADC12MEM13                    
0000015c  ADC12MEM14                    
0000015e  ADC12MEM15                    
00000144  ADC12MEM2                     
00000146  ADC12MEM3                     
00000148  ADC12MEM4                     
0000014a  ADC12MEM5                     
0000014c  ADC12MEM6                     
0000014e  ADC12MEM7                     
00000150  ADC12MEM8                     
00000152  ADC12MEM9                     
00000057  BCSCTL1                       
00000058  BCSCTL2                       
000025b2  C$$EXIT                       
00000059  CACTL1                        
0000005a  CACTL2                        
0000005b  CAPD                          
00001f2c  Check_Key                     
000001c0  DAC12_0CTL                    
000001c8  DAC12_0DAT                    
000001c2  DAC12_1CTL                    
000001ca  DAC12_1DAT                    
00000056  DCOCTL                        
000001e0  DMA0CTL                       
000001e4  DMA0DA                        
000001e2  DMA0SA                        
000001e6  DMA0SZ                        
000001e8  DMA1CTL                       
000001ec  DMA1DA                        
000001ea  DMA1SA                        
000001ee  DMA1SZ                        
000001f0  DMA2CTL                       
000001f4  DMA2DA                        
000001f2  DMA2SA                        
000001f6  DMA2SZ                        
00000122  DMACTL0                       
00000124  DMACTL1                       
0000217e  DS18B20_Reset                 
000023a4  DisplayCgrom                  
00000128  FCTL1                         
0000012a  FCTL2                         
0000012c  FCTL3                         
00000072  I2CDCTL                       
00000076  I2CDRB                        
00000076  I2CDRW                        
00000050  I2CIE                         
00000051  I2CIFG                        
0000011c  I2CIV                         
00000052  I2CNDAT                       
00000118  I2COA                         
00000073  I2CPSC                        
0000011a  I2CSA                         
00000074  I2CSCLH                       
00000075  I2CSCLL                       
00000071  I2CTCTL                       
00000000  IE1                           
00000001  IE2                           
00000002  IFG1                          
00000003  IFG2                          
00002262  Key_Event                     
00002474  LCD_Desk                      
000024ce  LCD_Port_init                 
00002512  LCD_clear                     
00002126  LCD_init                      
000023fc  LCD_write_com                 
00002426  LCD_write_data                
00000134  MAC                           
00000136  MACS                          
00000004  ME1                           
00000005  ME2                           
00000130  MPY                           
00000132  MPYS                          
00000138  OP2                           
00000022  P1DIR                         
00000025  P1IE                          
00000024  P1IES                         
00000023  P1IFG                         
00000020  P1IN                          
00000021  P1OUT                         
00000026  P1SEL                         
0000002a  P2DIR                         
0000002d  P2IE                          
0000002c  P2IES                         
0000002b  P2IFG                         
00000028  P2IN                          
00000029  P2OUT                         
0000002e  P2SEL                         
0000001a  P3DIR                         
00000018  P3IN                          
00000019  P3OUT                         
0000001b  P3SEL                         
0000001e  P4DIR                         
0000001c  P4IN                          
0000001d  P4OUT                         
0000001f  P4SEL                         
00000032  P5DIR                         
00000030  P5IN                          
00000031  P5OUT                         
00000033  P5SEL                         
00000036  P6DIR                         
00000034  P6IN                          
00000035  P6OUT                         
00000037  P6SEL                         
00001100  PORT1_ISR                     
0000020d  PP                            
0000013c  RESHI                         
0000013a  RESLO                         
0000013e  SUMEXT                        
00000055  SVSCTL                        
00001f9e  Send_Byte                     
00000172  TACCR0                        
00000174  TACCR1                        
00000176  TACCR2                        
00000162  TACCTL0                       
00000164  TACCTL1                       
00000166  TACCTL2                       
00000160  TACTL                         
0000012e  TAIV                          
00000170  TAR                           
00000192  TBCCR0                        
00000194  TBCCR1                        
00000196  TBCCR2                        
00000198  TBCCR3                        
0000019a  TBCCR4                        
0000019c  TBCCR5                        
0000019e  TBCCR6                        
00000182  TBCCTL0                       
00000184  TBCCTL1                       
00000186  TBCCTL2                       
00000188  TBCCTL3                       
0000018a  TBCCTL4                       
0000018c  TBCCTL5                       
0000018e  TBCCTL6                       
00000180  TBCTL                         
0000011e  TBIV                          
00000190  TBR                           
00000200  Temp_Value                    
000025a6  Timer_A                       
000025ac  Timer_B                       
00000074  U0BR0                         
00000075  U0BR1                         
00000070  U0CTL                         
00000073  U0MCTL                        
00000072  U0RCTL                        
00000076  U0RXBUF                       
00000071  U0TCTL                        
00000077  U0TXBUF                       
0000007c  U1BR0                         
0000007d  U1BR1                         
00000078  U1CTL                         
0000007b  U1MCTL                        
0000007a  U1RCTL                        
0000007e  U1RXBUF                       
00000079  U1TCTL                        
0000007f  U1TXBUF                       
00002494  UART0_RX_ISR                  
000025bc  UART0_TX_ISR                  
00002218  UART_Init                     
00000120  WDTCTL                        
00000a00  __STACK_END                   
00000050  __STACK_SIZE                  
0000262c  __TI_CINIT_Base               
00002630  __TI_CINIT_Limit              
0000262a  __TI_Handler_Table_Base       
0000262c  __TI_Handler_Table_Limit      
0000259e  __TI_ISR_TRAP                 
00002334  __TI_auto_init_nobinit_nopinit
0000ffe0  __TI_int00                    
0000ffe2  __TI_int01                    
0000ffe4  __TI_int02                    
0000ffe6  __TI_int03                    
0000ffe8  __TI_int04                    
0000ffea  __TI_int05                    
0000ffec  __TI_int06                    
0000ffee  __TI_int07                    
0000fff0  __TI_int08                    
0000fff2  __TI_int09                    
0000fff4  __TI_int10                    
0000fff6  __TI_int11                    
0000fff8  __TI_int12                    
0000fffa  __TI_int13                    
0000fffc  __TI_int14                    
ffffffff  __TI_pprof_out_hndl           
ffffffff  __TI_prof_data_size           
ffffffff  __TI_prof_data_start          
00002526  __TI_zero_init_nomemset       
ffffffff  __c_args__                    
000023d0  __mspabi_divi                 
000024fc  __mspabi_divu                 
000022aa  __mspabi_fixfu                
00002450  __mspabi_fltuf                
0000257e  __mspabi_func_epilog_1        
0000257c  __mspabi_func_epilog_2        
0000257a  __mspabi_func_epilog_3        
00002578  __mspabi_func_epilog_4        
00002576  __mspabi_func_epilog_5        
00002574  __mspabi_func_epilog_6        
00002572  __mspabi_func_epilog_7        
00001de0  __mspabi_mpyf                 
000023d0  __mspabi_remi                 
000024fc  __mspabi_remu                 
000024b2  _c_int00_noargs               
0000fffe  _reset_vector                 
000009b0  _stack                        
000025be  _system_post_cinit            
000025b8  _system_pre_init              
000025b2  abort                         
0000020e  bb                            
0000020f  cflag                         
00001626  choosespeed                   
00002004  data_do                       
00000210  day                           
000020c8  ds1820_read_byte              
00002066  ds1820_read_temp              
000024e6  ds1820_start                  
000022f0  ds1820_write_byte             
00002582  ele_init                      
00000211  hour                          
00000212  hour1                         
00002376  init_clk                      
0000254e  init_port1                    
00000206  j                             
00000213  key_Flag                      
00000214  key_Pressed                   
00000215  key_val                       
00000216  keyvalue                      
000021cc  lcd_pos                       
00001bd8  main                          
00002560  memcpy                        
00000217  min                           
00000218  min1                          
00000219  month                         
0000021a  sec                           
0000021b  sec1                          
0000021c  speed                         
00001956  stopwatch                     
00000208  temp_value                    
0000253a  timer_A_init                  
00002590  timer_B_init                  
00001ea4  xianshi                       
0000021d  year                          


GLOBAL SYMBOLS: SORTED BY Symbol Address 

address   name                          
-------   ----                          
00000000  IE1                           
00000001  IE2                           
00000002  IFG1                          
00000003  IFG2                          
00000004  ME1                           
00000005  ME2                           
00000018  P3IN                          
00000019  P3OUT                         
0000001a  P3DIR                         
0000001b  P3SEL                         
0000001c  P4IN                          
0000001d  P4OUT                         
0000001e  P4DIR                         
0000001f  P4SEL                         
00000020  P1IN                          
00000021  P1OUT                         
00000022  P1DIR                         
00000023  P1IFG                         
00000024  P1IES                         
00000025  P1IE                          
00000026  P1SEL                         
00000028  P2IN                          
00000029  P2OUT                         
0000002a  P2DIR                         
0000002b  P2IFG                         
0000002c  P2IES                         
0000002d  P2IE                          
0000002e  P2SEL                         
00000030  P5IN                          
00000031  P5OUT                         
00000032  P5DIR                         
00000033  P5SEL                         
00000034  P6IN                          
00000035  P6OUT                         
00000036  P6DIR                         
00000037  P6SEL                         
00000050  I2CIE                         
00000050  __STACK_SIZE                  
00000051  I2CIFG                        
00000052  I2CNDAT                       
00000055  SVSCTL                        
00000056  DCOCTL                        
00000057  BCSCTL1                       
00000058  BCSCTL2                       
00000059  CACTL1                        
0000005a  CACTL2                        
0000005b  CAPD                          
00000070  U0CTL                         
00000071  I2CTCTL                       
00000071  U0TCTL                        
00000072  I2CDCTL                       
00000072  U0RCTL                        
00000073  I2CPSC                        
00000073  U0MCTL                        
00000074  I2CSCLH                       
00000074  U0BR0                         
00000075  I2CSCLL                       
00000075  U0BR1                         
00000076  I2CDRB                        
00000076  I2CDRW                        
00000076  U0RXBUF                       
00000077  U0TXBUF                       
00000078  U1CTL                         
00000079  U1TCTL                        
0000007a  U1RCTL                        
0000007b  U1MCTL                        
0000007c  U1BR0                         
0000007d  U1BR1                         
0000007e  U1RXBUF                       
0000007f  U1TXBUF                       
00000080  ADC12MCTL0                    
00000081  ADC12MCTL1                    
00000082  ADC12MCTL2                    
00000083  ADC12MCTL3                    
00000084  ADC12MCTL4                    
00000085  ADC12MCTL5                    
00000086  ADC12MCTL6                    
00000087  ADC12MCTL7                    
00000088  ADC12MCTL8                    
00000089  ADC12MCTL9                    
0000008a  ADC12MCTL10                   
0000008b  ADC12MCTL11                   
0000008c  ADC12MCTL12                   
0000008d  ADC12MCTL13                   
0000008e  ADC12MCTL14                   
0000008f  ADC12MCTL15                   
00000118  I2COA                         
0000011a  I2CSA                         
0000011c  I2CIV                         
0000011e  TBIV                          
00000120  WDTCTL                        
00000122  DMACTL0                       
00000124  DMACTL1                       
00000128  FCTL1                         
0000012a  FCTL2                         
0000012c  FCTL3                         
0000012e  TAIV                          
00000130  MPY                           
00000132  MPYS                          
00000134  MAC                           
00000136  MACS                          
00000138  OP2                           
0000013a  RESLO                         
0000013c  RESHI                         
0000013e  SUMEXT                        
00000140  ADC12MEM0                     
00000142  ADC12MEM1                     
00000144  ADC12MEM2                     
00000146  ADC12MEM3                     
00000148  ADC12MEM4                     
0000014a  ADC12MEM5                     
0000014c  ADC12MEM6                     
0000014e  ADC12MEM7                     
00000150  ADC12MEM8                     
00000152  ADC12MEM9                     
00000154  ADC12MEM10                    
00000156  ADC12MEM11                    
00000158  ADC12MEM12                    
0000015a  ADC12MEM13                    
0000015c  ADC12MEM14                    
0000015e  ADC12MEM15                    
00000160  TACTL                         
00000162  TACCTL0                       
00000164  TACCTL1                       
00000166  TACCTL2                       
00000170  TAR                           
00000172  TACCR0                        
00000174  TACCR1                        
00000176  TACCR2                        
00000180  TBCTL                         
00000182  TBCCTL0                       
00000184  TBCCTL1                       
00000186  TBCCTL2                       
00000188  TBCCTL3                       
0000018a  TBCCTL4                       
0000018c  TBCCTL5                       
0000018e  TBCCTL6                       
00000190  TBR                           
00000192  TBCCR0                        
00000194  TBCCR1                        
00000196  TBCCR2                        
00000198  TBCCR3                        
0000019a  TBCCR4                        
0000019c  TBCCR5                        
0000019e  TBCCR6                        
000001a0  ADC12CTL0                     
000001a2  ADC12CTL1                     
000001a4  ADC12IFG                      
000001a6  ADC12IE                       
000001a8  ADC12IV                       
000001c0  DAC12_0CTL                    
000001c2  DAC12_1CTL                    
000001c8  DAC12_0DAT                    
000001ca  DAC12_1DAT                    
000001e0  DMA0CTL                       
000001e2  DMA0SA                        
000001e4  DMA0DA                        
000001e6  DMA0SZ                        
000001e8  DMA1CTL                       
000001ea  DMA1SA                        
000001ec  DMA1DA                        
000001ee  DMA1SZ                        
000001f0  DMA2CTL                       
000001f2  DMA2SA                        
000001f4  DMA2DA                        
000001f6  DMA2SZ                        
00000200  Temp_Value                    
00000206  j                             
00000208  temp_value                    
0000020a  A1                            
0000020b  A2                            
0000020c  A3                            
0000020d  PP                            
0000020e  bb                            
0000020f  cflag                         
00000210  day                           
00000211  hour                          
00000212  hour1                         
00000213  key_Flag                      
00000214  key_Pressed                   
00000215  key_val                       
00000216  keyvalue                      
00000217  min                           
00000218  min1                          
00000219  month                         
0000021a  sec                           
0000021b  sec1                          
0000021c  speed                         
0000021d  year                          
000009b0  _stack                        
00000a00  __STACK_END                   
00001100  PORT1_ISR                     
00001626  choosespeed                   
00001956  stopwatch                     
00001bd8  main                          
00001de0  __mspabi_mpyf                 
00001ea4  xianshi                       
00001f2c  Check_Key                     
00001f9e  Send_Byte                     
00002004  data_do                       
00002066  ds1820_read_temp              
000020c8  ds1820_read_byte              
00002126  LCD_init                      
0000217e  DS18B20_Reset                 
000021cc  lcd_pos                       
00002218  UART_Init                     
00002262  Key_Event                     
000022aa  __mspabi_fixfu                
000022f0  ds1820_write_byte             
00002334  __TI_auto_init_nobinit_nopinit
00002376  init_clk                      
000023a4  DisplayCgrom                  
000023d0  __mspabi_divi                 
000023d0  __mspabi_remi                 
000023fc  LCD_write_com                 
00002426  LCD_write_data                
00002450  __mspabi_fltuf                
00002474  LCD_Desk                      
00002494  UART0_RX_ISR                  
000024b2  _c_int00_noargs               
000024ce  LCD_Port_init                 
000024e6  ds1820_start                  
000024fc  __mspabi_divu                 
000024fc  __mspabi_remu                 
00002512  LCD_clear                     
00002526  __TI_zero_init_nomemset       
0000253a  timer_A_init                  
0000254e  init_port1                    
00002560  memcpy                        
00002572  __mspabi_func_epilog_7        
00002574  __mspabi_func_epilog_6        
00002576  __mspabi_func_epilog_5        
00002578  __mspabi_func_epilog_4        
0000257a  __mspabi_func_epilog_3        
0000257c  __mspabi_func_epilog_2        
0000257e  __mspabi_func_epilog_1        
00002582  ele_init                      
00002590  timer_B_init                  
0000259e  __TI_ISR_TRAP                 
000025a6  Timer_A                       
000025ac  Timer_B                       
000025b2  C$$EXIT                       
000025b2  abort                         
000025b8  _system_pre_init              
000025bc  UART0_TX_ISR                  
000025be  _system_post_cinit            
0000262a  __TI_Handler_Table_Base       
0000262c  __TI_CINIT_Base               
0000262c  __TI_Handler_Table_Limit      
00002630  __TI_CINIT_Limit              
0000ffe0  __TI_int00                    
0000ffe2  __TI_int01                    
0000ffe4  __TI_int02                    
0000ffe6  __TI_int03                    
0000ffe8  __TI_int04                    
0000ffea  __TI_int05                    
0000ffec  __TI_int06                    
0000ffee  __TI_int07                    
0000fff0  __TI_int08                    
0000fff2  __TI_int09                    
0000fff4  __TI_int10                    
0000fff6  __TI_int11                    
0000fff8  __TI_int12                    
0000fffa  __TI_int13                    
0000fffc  __TI_int14                    
0000fffe  _reset_vector                 
ffffffff  __TI_pprof_out_hndl           
ffffffff  __TI_prof_data_size           
ffffffff  __TI_prof_data_start          
ffffffff  __c_args__                    

[270 symbols]
